Archive member included to satisfy reference by file (symbol)

C:/Program Files (x86)/Arm/GNU Toolchain mingw-w64-i686-arm-none-eabi/bin/../lib/gcc/arm-none-eabi/15.2.1/thumb/v6-m/nofp\libgcc.a(_dvmd_tls.o)
                              CMakeFiles/rocket_logger.dir/pico-sdk/src/rp2_common/pico_divider/divider_hardware.S.obj (__aeabi_idiv0)
C:/Program Files (x86)/Arm/GNU Toolchain mingw-w64-i686-arm-none-eabi/bin/../lib/gcc/arm-none-eabi/15.2.1/../../../../arm-none-eabi/lib/thumb/v6-m/nofp\libg.a(libc_a-calloc.o)
                              CMakeFiles/rocket_logger.dir/pico-sdk/src/rp2_common/pico_malloc/malloc.c.obj (calloc)
C:/Program Files (x86)/Arm/GNU Toolchain mingw-w64-i686-arm-none-eabi/bin/../lib/gcc/arm-none-eabi/15.2.1/../../../../arm-none-eabi/lib/thumb/v6-m/nofp\libg.a(libc_a-callocr.o)
                              C:/Program Files (x86)/Arm/GNU Toolchain mingw-w64-i686-arm-none-eabi/bin/../lib/gcc/arm-none-eabi/15.2.1/../../../../arm-none-eabi/lib/thumb/v6-m/nofp\libg.a(libc_a-calloc.o) (_calloc_r)
C:/Program Files (x86)/Arm/GNU Toolchain mingw-w64-i686-arm-none-eabi/bin/../lib/gcc/arm-none-eabi/15.2.1/../../../../arm-none-eabi/lib/thumb/v6-m/nofp\libg.a(libc_a-malloc.o)
                              CMakeFiles/rocket_logger.dir/pico-sdk/src/rp2_common/pico_malloc/malloc.c.obj (malloc)
C:/Program Files (x86)/Arm/GNU Toolchain mingw-w64-i686-arm-none-eabi/bin/../lib/gcc/arm-none-eabi/15.2.1/../../../../arm-none-eabi/lib/thumb/v6-m/nofp\libg.a(libc_a-mallocr.o)
                              C:/Program Files (x86)/Arm/GNU Toolchain mingw-w64-i686-arm-none-eabi/bin/../lib/gcc/arm-none-eabi/15.2.1/../../../../arm-none-eabi/lib/thumb/v6-m/nofp\libg.a(libc_a-callocr.o) (_malloc_r)
C:/Program Files (x86)/Arm/GNU Toolchain mingw-w64-i686-arm-none-eabi/bin/../lib/gcc/arm-none-eabi/15.2.1/../../../../arm-none-eabi/lib/thumb/v6-m/nofp\libg.a(libc_a-mlock.o)
                              C:/Program Files (x86)/Arm/GNU Toolchain mingw-w64-i686-arm-none-eabi/bin/../lib/gcc/arm-none-eabi/15.2.1/../../../../arm-none-eabi/lib/thumb/v6-m/nofp\libg.a(libc_a-mallocr.o) (__malloc_lock)
C:/Program Files (x86)/Arm/GNU Toolchain mingw-w64-i686-arm-none-eabi/bin/../lib/gcc/arm-none-eabi/15.2.1/../../../../arm-none-eabi/lib/thumb/v6-m/nofp\libg.a(libc_a-realloc.o)
                              CMakeFiles/rocket_logger.dir/pico-sdk/src/rp2_common/pico_malloc/malloc.c.obj (realloc)
C:/Program Files (x86)/Arm/GNU Toolchain mingw-w64-i686-arm-none-eabi/bin/../lib/gcc/arm-none-eabi/15.2.1/../../../../arm-none-eabi/lib/thumb/v6-m/nofp\libg.a(libc_a-reallocr.o)
                              C:/Program Files (x86)/Arm/GNU Toolchain mingw-w64-i686-arm-none-eabi/bin/../lib/gcc/arm-none-eabi/15.2.1/../../../../arm-none-eabi/lib/thumb/v6-m/nofp\libg.a(libc_a-realloc.o) (_realloc_r)
C:/Program Files (x86)/Arm/GNU Toolchain mingw-w64-i686-arm-none-eabi/bin/../lib/gcc/arm-none-eabi/15.2.1/../../../../arm-none-eabi/lib/thumb/v6-m/nofp\libg.a(libc_a-memcmp.o)
                              CMakeFiles/rocket_logger.dir/pico-sdk/src/rp2_common/pico_atomic/atomic.c.obj (memcmp)
C:/Program Files (x86)/Arm/GNU Toolchain mingw-w64-i686-arm-none-eabi/bin/../lib/gcc/arm-none-eabi/15.2.1/../../../../arm-none-eabi/lib/thumb/v6-m/nofp\libg.a(libc_a-memmove.o)
                              C:/Program Files (x86)/Arm/GNU Toolchain mingw-w64-i686-arm-none-eabi/bin/../lib/gcc/arm-none-eabi/15.2.1/../../../../arm-none-eabi/lib/thumb/v6-m/nofp\libg.a(libc_a-reallocr.o) (memmove)
C:/Program Files (x86)/Arm/GNU Toolchain mingw-w64-i686-arm-none-eabi/bin/../lib/gcc/arm-none-eabi/15.2.1/../../../../arm-none-eabi/lib/thumb/v6-m/nofp\libg.a(libc_a-lcltime_r.o)
                              CMakeFiles/rocket_logger.dir/pico-sdk/src/common/pico_util/datetime.c.obj (localtime_r)
C:/Program Files (x86)/Arm/GNU Toolchain mingw-w64-i686-arm-none-eabi/bin/../lib/gcc/arm-none-eabi/15.2.1/../../../../arm-none-eabi/lib/thumb/v6-m/nofp\libg.a(libc_a-mktime.o)
                              CMakeFiles/rocket_logger.dir/pico-sdk/src/common/pico_util/datetime.c.obj (mktime)
C:/Program Files (x86)/Arm/GNU Toolchain mingw-w64-i686-arm-none-eabi/bin/../lib/gcc/arm-none-eabi/15.2.1/../../../../arm-none-eabi/lib/thumb/v6-m/nofp\libg.a(libc_a-month_lengths.o)
                              C:/Program Files (x86)/Arm/GNU Toolchain mingw-w64-i686-arm-none-eabi/bin/../lib/gcc/arm-none-eabi/15.2.1/../../../../arm-none-eabi/lib/thumb/v6-m/nofp\libg.a(libc_a-lcltime_r.o) (__month_lengths)
C:/Program Files (x86)/Arm/GNU Toolchain mingw-w64-i686-arm-none-eabi/bin/../lib/gcc/arm-none-eabi/15.2.1/../../../../arm-none-eabi/lib/thumb/v6-m/nofp\libg.a(libc_a-tzcalc_limits.o)
                              C:/Program Files (x86)/Arm/GNU Toolchain mingw-w64-i686-arm-none-eabi/bin/../lib/gcc/arm-none-eabi/15.2.1/../../../../arm-none-eabi/lib/thumb/v6-m/nofp\libg.a(libc_a-lcltime_r.o) (__tzcalc_limits)
[...]
Memory Configuration

Name             Origin             Length             Attributes
FLASH            0x10000000         0x00200000         xr
RAM              0x20000000         0x00040000         xrw
SCRATCH_X        0x20040000         0x00001000         xrw
SCRATCH_Y        0x20041000         0x00001000         xrw
*default*        0x00000000         0xffffffff

Linker script and memory map

LOAD C:/Program Files (x86)/Arm/GNU Toolchain mingw-w64-i686-arm-none-eabi/bin/../lib/gcc/arm-none-eabi/15.2.1/thumb/v6-m/nofp/crti.o
LOAD C:/Program Files (x86)/Arm/GNU Toolchain mingw-w64-i686-arm-none-eabi/bin/../lib/gcc/arm-none-eabi/15.2.1/thumb/v6-m/nofp/crtbegin.o
LOAD C:/Program Files (x86)/Arm/GNU Toolchain mingw-w64-i686-arm-none-eabi/bin/../lib/gcc/arm-none-eabi/15.2.1/../../../../arm-none-eabi/lib/thumb/v6-m/nofp/crt0.o

.flash_begin    0x10000000        0x0
                0x10000000                        __flash_binary_start = .

.boot2          0x10000000      0x100
                0x10000000                        __boot2_start__ = .
 *(.boot2)
 .boot2         0x10000000      0x100 pico-sdk/src/rp2040/boot_stage2/CMakeFiles/bs2_default_library.dir/./bs2_default_padded_checksummed.S.obj
                0x10000100                        __boot2_end__ = .
                0x00000001                        ASSERT (((__boot2_end__ - __boot2_start__) == 0x100), ERROR: Pico second stage bootloader must be 256 bytes in size)

.text           0x10000100     0x44cc
                0x10000100                        __logical_binary_start = .
 *(.vectors)
 .vectors       0x10000100       0xd4 CMakeFiles/rocket_logger.dir/pico-sdk/src/rp2_common/pico_crt0/crt0.S.obj
                0x10000100                __VECTOR_TABLE
                0x10000100                __vectors
                0x100001c0                isr_irq13
                0x100001c0                isr_irq27
                0x100001c0                isr_irq31
                0x100001c0                isr_irq12
                0x100001c0                isr_irq5
                0x100001c0                isr_irq11
                0x100001c0                isr_irq3
                0x100001c0                isr_irq23
                0x100001c0                __unhandled_user_irq
                0x100001c0                isr_irq26
                0x100001c0                isr_irq28
                0x100001c0                isr_irq19
                0x100001c0                isr_irq0
                0x100001c0                isr_irq6
                0x100001c0                isr_irq29
                0x100001c0                isr_irq16
                0x100001c0                isr_irq22
                0x100001c0                isr_irq18
                0x100001c0                isr_irq17
                0x100001c0                isr_irq14
                0x100001c0                __vectors_end
                0x100001c0                __default_isrs_start
                0x100001c0                isr_irq2
                0x100001c0                isr_irq10
                0x100001c0                isr_irq8
                0x100001c0                isr_irq24
                0x100001c0                isr_irq1
                0x100001c0                isr_irq7
                0x100001c0                isr_irq21
                0x100001c0                isr_irq20
                0x100001c0                isr_irq15
                0x100001c0                isr_irq25
                0x100001c0                isr_irq4
                0x100001c0                isr_irq30
                0x100001c0                isr_irq9
                0x100001c6                unhandled_user_irq_num_in_r0
                0x100001c8                isr_invalid
                0x100001ca                isr_nmi
                0x100001cc                isr_hardfault
                0x100001ce                isr_svcall
                0x100001d0                isr_pendsv
                0x100001d2                isr_systick
                0x100001d4                __default_isrs_end
 *(.binary_info_header)
 .binary_info_header
                0x100001d4       0x14 CMakeFiles/rocket_logger.dir/pico-sdk/src/rp2_common/pico_crt0/crt0.S.obj
                0x100001e8                        __binary_info_header_end = .
 *(.embedded_block)
                0x100001e8                        __embedded_block_end = .
 *(.reset)
 .reset         0x100001e8       0x9c CMakeFiles/rocket_logger.dir/pico-sdk/src/rp2_common/pico_crt0/crt0.S.obj
                0x100001e8                _entry_point
 *(.init)
 .init          0x10000284        0x4 C:/Program Files (x86)/Arm/GNU Toolchain mingw-w64-i686-arm-none-eabi/bin/../lib/gcc/arm-none-eabi/15.2.1/thumb/v6-m/nofp/crti.o
                0x10000284                _init
 *(EXCLUDE_FILE(*libm.a: *libc.a:*lib_a-mem*.o *libgcc.a:) .text*)
 .text.register_tm_clones
                0x10000288       0x28 C:/Program Files (x86)/Arm/GNU Toolchain mingw-w64-i686-arm-none-eabi/bin/../lib/gcc/arm-none-eabi/15.2.1/thumb/v6-m/nofp/crtbegin.o
 .text.frame_dummy
                0x100002b0       0x24 C:/Program Files (x86)/Arm/GNU Toolchain mingw-w64-i686-arm-none-eabi/bin/../lib/gcc/arm-none-eabi/15.2.1/thumb/v6-m/nofp/crtbegin.o
 .text.startup.main
                0x100002d4       0x58 CMakeFiles/rocket_logger.dir/main.c.obj
                0x100002d4                main
 .text.gpio_init
                0x1000032c       0x3c CMakeFiles/rocket_logger.dir/pico-sdk/src/rp2_common/hardware_gpio/gpio.c.obj
                0x1000032c                gpio_init
 .text.rp2040_chip_version
                0x10000368        0xc CMakeFiles/rocket_logger.dir/pico-sdk/src/rp2040/pico_platform/platform.c.obj
                0x10000368                rp2040_chip_version
 .text.panic    0x10000374       0x30 CMakeFiles/rocket_logger.dir/pico-sdk/src/rp2_common/pico_platform_panic/panic.c.obj
                0x10000374                panic
 .text.hw_claim_or_assert
                0x100003a4       0x50 CMakeFiles/rocket_logger.dir/pico-sdk/src/common/hardware_claim/claim.c.obj
                0x100003a4                hw_claim_or_assert
 .text.hw_claim_unused_from_range
                0x100003f4       0x88 CMakeFiles/rocket_logger.dir/pico-sdk/src/common/hardware_claim/claim.c.obj
                0x100003f4                hw_claim_unused_from_range
 .text.next_striped_spin_lock_num
                0x1000047c       0x18 CMakeFiles/rocket_logger.dir/pico-sdk/src/rp2_common/hardware_sync/sync.c.obj
                0x1000047c                next_striped_spin_lock_num
 .text.spin_lock_claim_unused
                0x10000494       0x20 CMakeFiles/rocket_logger.dir/pico-sdk/src/rp2_common/hardware_sync/sync.c.obj
                0x10000494                spin_lock_claim_unused
 .text.spin_locks_reset
                0x100004b4       0x1c CMakeFiles/rocket_logger.dir/pico-sdk/src/rp2_common/hardware_sync_spin_lock/sync_spin_lock.c.obj
                0x100004b4                spin_locks_reset
 .text.runtime_init_per_core_irq_priorities
                0x100004d0       0x48 CMakeFiles/rocket_logger.dir/pico-sdk/src/rp2_common/hardware_irq/irq.c.obj
                0x100004d0                runtime_init_per_core_irq_priorities
 .text.irq_set_enabled
                0x10000518       0x24 CMakeFiles/rocket_logger.dir/pico-sdk/src/rp2_common/hardware_irq/irq.c.obj
                0x10000518                irq_set_enabled
 .text.irq_is_enabled
                0x1000053c       0x18 CMakeFiles/rocket_logger.dir/pico-sdk/src/rp2_common/hardware_irq/irq.c.obj
                0x1000053c                irq_is_enabled
 .text.irq_set_pending
                0x10000554       0x10 CMakeFiles/rocket_logger.dir/pico-sdk/src/rp2_common/hardware_irq/irq.c.obj
                0x10000554                irq_set_pending
 .text.irq_has_shared_handler
                0x10000564       0x20 CMakeFiles/rocket_logger.dir/pico-sdk/src/rp2_common/hardware_irq/irq.c.obj
                0x10000564                irq_has_shared_handler
 .text.irq_set_exclusive_handler
                0x10000584       0x54 CMakeFiles/rocket_logger.dir/pico-sdk/src/rp2_common/hardware_irq/irq.c.obj
                0x10000584                irq_set_exclusive_handler
 .text.irq_add_shared_handler
                0x100005d8      0x1cc CMakeFiles/rocket_logger.dir/pico-sdk/src/rp2_common/hardware_irq/irq.c.obj
                0x100005d8                irq_add_shared_handler
 .text.irq_add_tail_to_free_list
                0x100007a4       0xb4 CMakeFiles/rocket_logger.dir/pico-sdk/src/rp2_common/hardware_irq/irq.c.obj
                0x100007a4                irq_add_tail_to_free_list
 .text.user_irq_claim_unused
                0x10000858       0x28 CMakeFiles/rocket_logger.dir/pico-sdk/src/rp2_common/hardware_irq/irq.c.obj
                0x10000858                user_irq_claim_unused
 .text.lock_init
                0x10000880       0x10 CMakeFiles/rocket_logger.dir/pico-sdk/src/common/pico_sync/lock_core.c.obj
                0x10000880                lock_init
 .text.runtime_init_mutex
                0x10000890       0x50 CMakeFiles/rocket_logger.dir/pico-sdk/src/common/pico_sync/mutex.c.obj
                0x10000890                runtime_init_mutex
 .text.mutex_init
                0x100008e0       0x1c CMakeFiles/rocket_logger.dir/pico-sdk/src/common/pico_sync/mutex.c.obj
                0x100008e0                mutex_init
 .text.critical_section_init
                0x100008fc       0x1c CMakeFiles/rocket_logger.dir/pico-sdk/src/common/pico_sync/critical_section.c.obj
                0x100008fc                critical_section_init
 .text.critical_section_init_with_lock_num
                0x10000918       0x14 CMakeFiles/rocket_logger.dir/pico-sdk/src/common/pico_sync/critical_section.c.obj
                0x10000918                critical_section_init_with_lock_num
 .text.sleep_until_callback
                0x1000092c       0x30 CMakeFiles/rocket_logger.dir/pico-sdk/src/common/pico_time/time.c.obj
 .text.alarm_pool_irq_handler
                0x1000095c      0x2f4 CMakeFiles/rocket_logger.dir/pico-sdk/src/common/pico_time/time.c.obj
 .text.runtime_init_default_alarm_pool
                0x10000c50       0xd8 CMakeFiles/rocket_logger.dir/pico-sdk/src/common/pico_time/time.c.obj
                0x10000c50                runtime_init_default_alarm_pool
 .text.alarm_pool_get_default
                0x10000d28        0x8 CMakeFiles/rocket_logger.dir/pico-sdk/src/common/pico_time/time.c.obj
                0x10000d28                alarm_pool_get_default
 .text.alarm_pool_add_alarm_at
                0x10000d30       0xcc CMakeFiles/rocket_logger.dir/pico-sdk/src/common/pico_time/time.c.obj
                0x10000d30                alarm_pool_add_alarm_at
 .text.alarm_pool_add_alarm_at_force_in_context
                0x10000dfc       0xbc CMakeFiles/rocket_logger.dir/pico-sdk/src/common/pico_time/time.c.obj
                0x10000dfc                alarm_pool_add_alarm_at_force_in_context
 .text.alarm_pool_cancel_alarm
                0x10000eb8       0x74 CMakeFiles/rocket_logger.dir/pico-sdk/src/common/pico_time/time.c.obj
                0x10000eb8                alarm_pool_cancel_alarm
 .text.alarm_pool_core_num
                0x10000f2c        0x4 CMakeFiles/rocket_logger.dir/pico-sdk/src/common/pico_time/time.c.obj
                0x10000f2c                alarm_pool_core_num
 .text.sleep_ms
                0x10000f30       0xfc CMakeFiles/rocket_logger.dir/pico-sdk/src/common/pico_time/time.c.obj
                0x10000f30                sleep_ms
 .text.best_effort_wfe_or_timeout
                0x1000102c      0x100 CMakeFiles/rocket_logger.dir/pico-sdk/src/common/pico_time/time.c.obj
                0x1000102c                best_effort_wfe_or_timeout
 .text.timer_hardware_alarm_claim
                0x1000112c       0x14 CMakeFiles/rocket_logger.dir/pico-sdk/src/rp2_common/hardware_timer/timer.c.obj
                0x1000112c                timer_hardware_alarm_claim
 .text.timer_time_us_64
                0x10001140       0x10 CMakeFiles/rocket_logger.dir/pico-sdk/src/rp2_common/hardware_timer/timer.c.obj
                0x10001140                timer_time_us_64
 .text.time_us_64
                0x10001150       0x14 CMakeFiles/rocket_logger.dir/pico-sdk/src/rp2_common/hardware_timer/timer.c.obj
                0x10001150                time_us_64
 .text.busy_wait_until
                0x10001164       0x20 CMakeFiles/rocket_logger.dir/pico-sdk/src/rp2_common/hardware_timer/timer.c.obj
                0x10001164                busy_wait_until
 .text.clock_configure_int_divider
                0x10001184       0xec CMakeFiles/rocket_logger.dir/pico-sdk/src/rp2_common/hardware_clocks/clocks.c.obj
                0x10001184                clock_configure_int_divider
 .text.clock_configure_undivided
                0x10001270       0xe0 CMakeFiles/rocket_logger.dir/pico-sdk/src/rp2_common/hardware_clocks/clocks.c.obj
                0x10001270                clock_configure_undivided
 .text.clock_get_hz
                0x10001350        0xc CMakeFiles/rocket_logger.dir/pico-sdk/src/rp2_common/hardware_clocks/clocks.c.obj
                0x10001350                clock_get_hz
 .text.pll_init
                0x1000135c       0xb0 CMakeFiles/rocket_logger.dir/pico-sdk/src/rp2_common/hardware_pll/pll.c.obj
                0x1000135c                pll_init
 .text.watchdog_reboot
                0x1000140c       0x9c CMakeFiles/rocket_logger.dir/pico-sdk/src/rp2_common/hardware_watchdog/watchdog.c.obj
                0x1000140c                watchdog_reboot
 .text.tick_start
                0x100014a8       0x10 CMakeFiles/rocket_logger.dir/pico-sdk/src/rp2_common/hardware_ticks/ticks.c.obj
                0x100014a8                tick_start
 .text.rom_func_lookup
                0x100014b8       0x10 CMakeFiles/rocket_logger.dir/pico-sdk/src/rp2_common/pico_bootrom/bootrom.c.obj
                0x100014b8                rom_func_lookup
 .text.rom_data_lookup
                0x100014c8       0x10 CMakeFiles/rocket_logger.dir/pico-sdk/src/rp2_common/pico_bootrom/bootrom.c.obj
                0x100014c8                rom_data_lookup
 .text.rom_funcs_lookup
                0x100014d8       0x44 CMakeFiles/rocket_logger.dir/pico-sdk/src/rp2_common/pico_bootrom/bootrom.c.obj
                0x100014d8                rom_funcs_lookup
 .text.rom_reset_usb_boot_extra
                0x1000151c       0x24 CMakeFiles/rocket_logger.dir/pico-sdk/src/rp2_common/pico_bootrom/bootrom.c.obj
                0x1000151c                rom_reset_usb_boot_extra
 .text.xosc_init
                0x10001540       0x28 CMakeFiles/rocket_logger.dir/pico-sdk/src/rp2_common/hardware_xosc/xosc.c.obj
                0x10001540                xosc_init
 .text.first_per_core_initializer
                0x10001568        0x4 CMakeFiles/rocket_logger.dir/pico-sdk/src/rp2_common/pico_runtime/runtime.c.obj
 .text.hard_assertion_failure
                0x1000156c        0xc CMakeFiles/rocket_logger.dir/pico-sdk/src/rp2_common/pico_runtime/runtime.c.obj
                0x1000156c                hard_assertion_failure
 .text.runtime_run_initializers
                0x10001578       0x28 CMakeFiles/rocket_logger.dir/pico-sdk/src/rp2_common/pico_runtime/runtime.c.obj
                0x10001578                runtime_run_initializers
 .text.runtime_init_early_resets
                0x100015a0       0x2c CMakeFiles/rocket_logger.dir/pico-sdk/src/rp2_common/pico_runtime_init/runtime_init.c.obj
                0x100015a0                runtime_init_early_resets
 .text.runtime_init_usb_power_down
                0x100015cc       0x1c CMakeFiles/rocket_logger.dir/pico-sdk/src/rp2_common/pico_runtime_init/runtime_init.c.obj
                0x100015cc                runtime_init_usb_power_down
 .text.runtime_init_post_clock_resets
                0x100015e8       0x20 CMakeFiles/rocket_logger.dir/pico-sdk/src/rp2_common/pico_runtime_init/runtime_init.c.obj
                0x100015e8                runtime_init_post_clock_resets
 .text.runtime_init_rp2040_gpio_ie_disable
                0x10001608       0x14 CMakeFiles/rocket_logger.dir/pico-sdk/src/rp2_common/pico_runtime_init/runtime_init.c.obj
                0x10001608                runtime_init_rp2040_gpio_ie_disable
 .text.runtime_init_spin_locks_reset
                0x1000161c        0x8 CMakeFiles/rocket_logger.dir/pico-sdk/src/rp2_common/pico_runtime_init/runtime_init.c.obj
                0x1000161c                runtime_init_spin_locks_reset
 .text.runtime_init_install_ram_vector_table
                0x10001624       0xb8 CMakeFiles/rocket_logger.dir/pico-sdk/src/rp2_common/pico_runtime_init/runtime_init.c.obj
                0x10001624                runtime_init_install_ram_vector_table
 .text.runtime_init_clocks
                0x100016dc       0xd8 CMakeFiles/rocket_logger.dir/pico-sdk/src/rp2_common/pico_runtime_init/runtime_init_clocks.c.obj
                0x100016dc                runtime_init_clocks
 .text          0x100017b4       0x10 CMakeFiles/rocket_logger.dir/pico-sdk/src/rp2_common/pico_bit_ops/bit_ops_aeabi.S.obj
 .text.__wrap___aeabi_uidiv
                0x100017c4       0x4c CMakeFiles/rocket_logger.dir/pico-sdk/src/rp2_common/pico_divider/divider_hardware.S.obj
                0x100017c4                __wrap___aeabi_uidiv
                0x100017c4                __wrap___aeabi_uidivmod
                0x100017c4                div_u32u32
                0x100017c4                divmod_u32u32
                0x100017cc                divmod_u32u32_unsafe
                0x100017f4                divmod_u32u32_savestate
 .text.__aeabi_double_init
                0x10001810       0xa4 CMakeFiles/rocket_logger.dir/pico-sdk/src/rp2_common/pico_double/double_init_rom_rp2040.c.obj
                0x10001810                __aeabi_double_init
 .text.double_table_shim_on_use_helper
                0x100018b4       0x2c CMakeFiles/rocket_logger.dir/pico-sdk/src/rp2_common/pico_double/double_v1_rom_shim_rp2040.S.obj
                0x100018b4                double_table_shim_on_use_helper
 .text.__aeabi_lmul
                0x100018e0       0x32 CMakeFiles/rocket_logger.dir/pico-sdk/src/rp2_common/pico_int64_ops/pico_int64_ops_aeabi.S.obj
                0x100018e0                __wrap___aeabi_lmul
 *fill*         0x10001912        0x2 
 .text.__aeabi_float_init
                0x10001914       0x68 CMakeFiles/rocket_logger.dir/pico-sdk/src/rp2_common/pico_float/float_init_rom_rp2040.c.obj
                0x10001914                __aeabi_float_init
 .text.float_table_shim_on_use_helper
                0x1000197c       0x2c CMakeFiles/rocket_logger.dir/pico-sdk/src/rp2_common/pico_float/float_v1_rom_shim_rp2040.S.obj
                0x1000197c                float_table_shim_on_use_helper
 .text          0x100019a8       0x10 CMakeFiles/rocket_logger.dir/pico-sdk/src/rp2_common/pico_mem_ops/mem_ops_aeabi.S.obj
                0x100019a8                __aeabi_mem_init
 .text.memset   0x100019b8        0xc CMakeFiles/rocket_logger.dir/pico-sdk/src/rp2_common/pico_mem_ops/mem_ops_aeabi.S.obj
                0x100019b8                __wrap_memset
 .text.memcpy   0x100019c4        0xc CMakeFiles/rocket_logger.dir/pico-sdk/src/rp2_common/pico_mem_ops/mem_ops_aeabi.S.obj
                0x100019c4                __wrap_memcpy
                0x100019c4                __wrap___aeabi_memcpy
 .text._out_char
                0x100019d0       0x10 CMakeFiles/rocket_logger.dir/pico-sdk/src/rp2_common/pico_printf/printf.c.obj
 .text.weak_raw_vprintf
                0x100019e0       0x30 CMakeFiles/rocket_logger.dir/pico-sdk/src/rp2_common/pico_printf/printf.c.obj
                0x100019e0                weak_raw_vprintf
 .text._exit    0x10001a10        0x4 CMakeFiles/rocket_logger.dir/pico-sdk/src/rp2_common/pico_clib_interface/newlib_interface.c.obj
                0x10001a10                _exit
 .text.exit     0x10001a14        0x8 CMakeFiles/rocket_logger.dir/pico-sdk/src/rp2_common/pico_clib_interface/newlib_interface.c.obj
                0x10001a14                exit
 .text.runtime_init
                0x10001a1c       0x2c CMakeFiles/rocket_logger.dir/pico-sdk/src/rp2_common/pico_clib_interface/newlib_interface.c.obj
                0x10001a1c                runtime_init
 .text.stdio_out_chars_no_crlf
                0x10001a48       0x10 CMakeFiles/rocket_logger.dir/pico-sdk/src/rp2_common/pico_stdio/stdio.c.obj
 .text.stdio_out_chars_crlf
                0x10001a58       0x90 CMakeFiles/rocket_logger.dir/pico-sdk/src/rp2_common/pico_stdio/stdio.c.obj
 .text.stdio_put_string
                0x10001ae8       0xf4 CMakeFiles/rocket_logger.dir/pico-sdk/src/rp2_common/pico_stdio/stdio.c.obj
                0x10001ae8                stdio_put_string
 .text.stdio_set_driver_enabled
                0x10001bdc       0x30 CMakeFiles/rocket_logger.dir/pico-sdk/src/rp2_common/pico_stdio/stdio.c.obj
                0x10001bdc                stdio_set_driver_enabled
 .text.stdio_init_all
                0x10001c0c        0x8 CMakeFiles/rocket_logger.dir/pico-sdk/src/rp2_common/pico_stdio/stdio.c.obj
                0x10001c0c                stdio_init_all
 .text.__wrap_putchar
                0x10001c14       0x94 CMakeFiles/rocket_logger.dir/pico-sdk/src/rp2_common/pico_stdio/stdio.c.obj
                0x10001c14                __wrap_putchar
                0x10001c14                stdio_putchar
 .text.__wrap_puts
                0x10001ca8       0x3c CMakeFiles/rocket_logger.dir/pico-sdk/src/rp2_common/pico_stdio/stdio.c.obj
                0x10001ca8                stdio_puts
                0x10001ca8                __wrap_puts
 .text.resetd_init
                0x10001ce4        0x4 CMakeFiles/rocket_logger.dir/pico-sdk/src/rp2_common/pico_stdio_usb/reset_interface.c.obj
 .text.resetd_reset
                0x10001ce8        0xc CMakeFiles/rocket_logger.dir/pico-sdk/src/rp2_common/pico_stdio_usb/reset_interface.c.obj
 .text.resetd_open
                0x10001cf4       0x28 CMakeFiles/rocket_logger.dir/pico-sdk/src/rp2_common/pico_stdio_usb/reset_interface.c.obj
 .text.resetd_xfer_cb
                0x10001d1c        0x4 CMakeFiles/rocket_logger.dir/pico-sdk/src/rp2_common/pico_stdio_usb/reset_interface.c.obj
 .text.resetd_control_xfer_cb
                0x10001d20       0x54 CMakeFiles/rocket_logger.dir/pico-sdk/src/rp2_common/pico_stdio_usb/reset_interface.c.obj
 .text.tud_descriptor_bos_cb
                0x10001d74        0x8 CMakeFiles/rocket_logger.dir/pico-sdk/src/rp2_common/pico_stdio_usb/reset_interface.c.obj
                0x10001d74                tud_descriptor_bos_cb
 .text.tud_vendor_control_xfer_cb
                0x10001d7c       0x38 CMakeFiles/rocket_logger.dir/pico-sdk/src/rp2_common/pico_stdio_usb/reset_interface.c.obj
                0x10001d7c                tud_vendor_control_xfer_cb
 .text.usbd_app_driver_get_cb
                0x10001db4        0xc CMakeFiles/rocket_logger.dir/pico-sdk/src/rp2_common/pico_stdio_usb/reset_interface.c.obj
                0x10001db4                usbd_app_driver_get_cb
 .text.tud_cdc_line_coding_cb
                0x10001dc0       0x2c CMakeFiles/rocket_logger.dir/pico-sdk/src/rp2_common/pico_stdio_usb/reset_interface.c.obj
                0x10001dc0                tud_cdc_line_coding_cb
 .text.stdio_usb_set_chars_available_callback
                0x10001dec       0x14 CMakeFiles/rocket_logger.dir/pico-sdk/src/rp2_common/pico_stdio_usb/stdio_usb.c.obj
                0x10001dec                stdio_usb_set_chars_available_callback
 .text.usb_irq  0x10001e00       0x10 CMakeFiles/rocket_logger.dir/pico-sdk/src/rp2_common/pico_stdio_usb/stdio_usb.c.obj
 .text.timer_task
                0x10001e10       0x64 CMakeFiles/rocket_logger.dir/pico-sdk/src/rp2_common/pico_stdio_usb/stdio_usb.c.obj
 .text.stdio_usb_in_chars
                0x10001e74       0x8c CMakeFiles/rocket_logger.dir/pico-sdk/src/rp2_common/pico_stdio_usb/stdio_usb.c.obj
                0x10001e74                stdio_usb_in_chars
 .text.stdio_usb_out_flush
                0x10001f00       0x4c CMakeFiles/rocket_logger.dir/pico-sdk/src/rp2_common/pico_stdio_usb/stdio_usb.c.obj
 .text.stdio_usb_out_chars
                0x10001f4c       0xf8 CMakeFiles/rocket_logger.dir/pico-sdk/src/rp2_common/pico_stdio_usb/stdio_usb.c.obj
 .text.low_priority_worker_irq
                0x10002044       0xc4 CMakeFiles/rocket_logger.dir/pico-sdk/src/rp2_common/pico_stdio_usb/stdio_usb.c.obj
 .text.stdio_usb_init
                0x10002108       0xe4 CMakeFiles/rocket_logger.dir/pico-sdk/src/rp2_common/pico_stdio_usb/stdio_usb.c.obj
                0x10002108                stdio_usb_init
 .text.tud_descriptor_device_cb
                0x100021ec        0x8 CMakeFiles/rocket_logger.dir/pico-sdk/src/rp2_common/pico_stdio_usb/stdio_usb_descriptors.c.obj
                0x100021ec                tud_descriptor_device_cb
 .text.tud_descriptor_configuration_cb
                0x100021f4        0x8 CMakeFiles/rocket_logger.dir/pico-sdk/src/rp2_common/pico_stdio_usb/stdio_usb_descriptors.c.obj
                0x100021f4                tud_descriptor_configuration_cb
 .text.tud_descriptor_string_cb
                0x100021fc       0x70 CMakeFiles/rocket_logger.dir/pico-sdk/src/rp2_common/pico_stdio_usb/stdio_usb_descriptors.c.obj
                0x100021fc                tud_descriptor_string_cb
 .text.startup._retrieve_unique_id_on_boot
                0x1000226c       0x10 CMakeFiles/rocket_logger.dir/pico-sdk/src/rp2_common/pico_unique_id/unique_id.c.obj
 .text.pico_get_unique_board_id_string
                0x1000227c      0x1e0 CMakeFiles/rocket_logger.dir/pico-sdk/src/rp2_common/pico_unique_id/unique_id.c.obj
                0x1000227c                pico_get_unique_board_id_string
 .text.flash_get_unique_id
                0x1000245c       0x3c CMakeFiles/rocket_logger.dir/pico-sdk/src/rp2_common/hardware_flash/flash.c.obj
                0x1000245c                flash_get_unique_id
 .text.dcd_init
                0x10002498       0x90 CMakeFiles/rocket_logger.dir/pico-sdk/lib/tinyusb/src/portable/raspberrypi/rp2040/dcd_rp2040.c.obj
                0x10002498                dcd_init
 .text.dcd_int_enable
                0x10002528        0xc CMakeFiles/rocket_logger.dir/pico-sdk/lib/tinyusb/src/portable/raspberrypi/rp2040/dcd_rp2040.c.obj
                0x10002528                dcd_int_enable
 .text.dcd_set_address
                0x10002534       0x14 CMakeFiles/rocket_logger.dir/pico-sdk/lib/tinyusb/src/portable/raspberrypi/rp2040/dcd_rp2040.c.obj
                0x10002534                dcd_set_address
 .text.dcd_sof_enable
                0x10002548       0x1c CMakeFiles/rocket_logger.dir/pico-sdk/lib/tinyusb/src/portable/raspberrypi/rp2040/dcd_rp2040.c.obj
                0x10002548                dcd_sof_enable
 .text.dcd_edpt0_status_complete
                0x10002564       0x1c CMakeFiles/rocket_logger.dir/pico-sdk/lib/tinyusb/src/portable/raspberrypi/rp2040/dcd_rp2040.c.obj
                0x10002564                dcd_edpt0_status_complete
 .text.dcd_edpt_open
                0x10002580      0x114 CMakeFiles/rocket_logger.dir/pico-sdk/lib/tinyusb/src/portable/raspberrypi/rp2040/dcd_rp2040.c.obj
                0x10002580                dcd_edpt_open
 .text.dcd_edpt_close_all
                0x10002694        0x8 CMakeFiles/rocket_logger.dir/pico-sdk/lib/tinyusb/src/portable/raspberrypi/rp2040/dcd_rp2040.c.obj
                0x10002694                dcd_edpt_close_all
 .text.dcd_edpt_xfer
                0x1000269c       0x24 CMakeFiles/rocket_logger.dir/pico-sdk/lib/tinyusb/src/portable/raspberrypi/rp2040/dcd_rp2040.c.obj
                0x1000269c                dcd_edpt_xfer
 .text.dcd_edpt_stall
                0x100026c0       0x3c CMakeFiles/rocket_logger.dir/pico-sdk/lib/tinyusb/src/portable/raspberrypi/rp2040/dcd_rp2040.c.obj
                0x100026c0                dcd_edpt_stall
 .text.dcd_edpt_clear_stall
                0x100026fc       0x30 CMakeFiles/rocket_logger.dir/pico-sdk/lib/tinyusb/src/portable/raspberrypi/rp2040/dcd_rp2040.c.obj
                0x100026fc                dcd_edpt_clear_stall
 .text.rp2040_usb_init
                0x1000272c       0x40 CMakeFiles/rocket_logger.dir/pico-sdk/lib/tinyusb/src/portable/raspberrypi/rp2040/rp2040_usb.c.obj
                0x1000272c                rp2040_usb_init
 .text.hw_endpoint_xfer_start
                0x1000276c       0x40 CMakeFiles/rocket_logger.dir/pico-sdk/lib/tinyusb/src/portable/raspberrypi/rp2040/rp2040_usb.c.obj
                0x1000276c                hw_endpoint_xfer_start
 .text.tud_event_hook_cb
                0x100027ac        0x4 CMakeFiles/rocket_logger.dir/pico-sdk/lib/tinyusb/src/device/usbd.c.obj
                0x100027ac                tud_event_hook_cb
 .text.tud_sof_cb
                0x100027b0        0x4 CMakeFiles/rocket_logger.dir/pico-sdk/lib/tinyusb/src/device/usbd.c.obj
                0x100027b0                tud_sof_cb
 .text.tud_descriptor_device_qualifier_cb
                0x100027b4        0x4 CMakeFiles/rocket_logger.dir/pico-sdk/lib/tinyusb/src/device/usbd.c.obj
                0x100027b4                tud_descriptor_device_qualifier_cb
 .text.tud_descriptor_other_speed_configuration_cb
                0x100027b8        0x4 CMakeFiles/rocket_logger.dir/pico-sdk/lib/tinyusb/src/device/usbd.c.obj
                0x100027b8                tud_descriptor_other_speed_configuration_cb
 .text.tud_mount_cb
                0x100027bc        0x4 CMakeFiles/rocket_logger.dir/pico-sdk/lib/tinyusb/src/device/usbd.c.obj
                0x100027bc                tud_mount_cb
 .text.tud_umount_cb
                0x100027c0        0x4 CMakeFiles/rocket_logger.dir/pico-sdk/lib/tinyusb/src/device/usbd.c.obj
                0x100027c0                tud_umount_cb
 .text.tud_suspend_cb
                0x100027c4        0x4 CMakeFiles/rocket_logger.dir/pico-sdk/lib/tinyusb/src/device/usbd.c.obj
                0x100027c4                tud_suspend_cb
 .text.tud_resume_cb
                0x100027c8        0x4 CMakeFiles/rocket_logger.dir/pico-sdk/lib/tinyusb/src/device/usbd.c.obj
                0x100027c8                tud_resume_cb
 .text.tud_mounted
                0x100027cc       0x10 CMakeFiles/rocket_logger.dir/pico-sdk/lib/tinyusb/src/device/usbd.c.obj
                0x100027cc                tud_mounted
 .text.tud_suspended
                0x100027dc       0x10 CMakeFiles/rocket_logger.dir/pico-sdk/lib/tinyusb/src/device/usbd.c.obj
                0x100027dc                tud_suspended
 .text.tud_rhport_init
                0x100027ec       0xf0 CMakeFiles/rocket_logger.dir/pico-sdk/lib/tinyusb/src/device/usbd.c.obj
                0x100027ec                tud_rhport_init
 .text.tud_task_ext
                0x100028dc      0x7fc CMakeFiles/rocket_logger.dir/pico-sdk/lib/tinyusb/src/device/usbd.c.obj
                0x100028dc                tud_task_ext
 .text.usbd_open_edpt_pair
                0x100030d8       0x98 CMakeFiles/rocket_logger.dir/pico-sdk/lib/tinyusb/src/device/usbd.c.obj
                0x100030d8                usbd_open_edpt_pair
 .text.usbd_edpt_open
                0x10003170       0x34 CMakeFiles/rocket_logger.dir/pico-sdk/lib/tinyusb/src/device/usbd.c.obj
                0x10003170                usbd_edpt_open
 .text.usbd_edpt_claim
                0x100031a4       0x28 CMakeFiles/rocket_logger.dir/pico-sdk/lib/tinyusb/src/device/usbd.c.obj
                0x100031a4                usbd_edpt_claim
 .text.usbd_edpt_release
                0x100031cc       0x28 CMakeFiles/rocket_logger.dir/pico-sdk/lib/tinyusb/src/device/usbd.c.obj
                0x100031cc                usbd_edpt_release
 .text.usbd_edpt_xfer
                0x100031f4       0x50 CMakeFiles/rocket_logger.dir/pico-sdk/lib/tinyusb/src/device/usbd.c.obj
                0x100031f4                usbd_edpt_xfer
 .text.tud_control_status
                0x10003244       0x2c CMakeFiles/rocket_logger.dir/pico-sdk/lib/tinyusb/src/device/usbd_control.c.obj
                0x10003244                tud_control_status
 .text.tud_control_xfer
                0x10003270       0xa0 CMakeFiles/rocket_logger.dir/pico-sdk/lib/tinyusb/src/device/usbd_control.c.obj
                0x10003270                tud_control_xfer
 .text.usbd_control_reset
                0x10003310       0x14 CMakeFiles/rocket_logger.dir/pico-sdk/lib/tinyusb/src/device/usbd_control.c.obj
                0x10003310                usbd_control_reset
 .text.usbd_control_set_complete_callback
                0x10003324        0xc CMakeFiles/rocket_logger.dir/pico-sdk/lib/tinyusb/src/device/usbd_control.c.obj
                0x10003324                usbd_control_set_complete_callback
 .text.usbd_control_set_request
                0x10003330       0x1c CMakeFiles/rocket_logger.dir/pico-sdk/lib/tinyusb/src/device/usbd_control.c.obj
                0x10003330                usbd_control_set_request
 .text.usbd_control_xfer_cb
                0x1000334c       0xe8 CMakeFiles/rocket_logger.dir/pico-sdk/lib/tinyusb/src/device/usbd_control.c.obj
                0x1000334c                usbd_control_xfer_cb
 .text._prep_out_transaction.isra.0
                0x10003434       0x6c CMakeFiles/rocket_logger.dir/pico-sdk/lib/tinyusb/src/class/cdc/cdc_device.c.obj
 .text.tud_cdc_n_connected
                0x100034a0       0x2c CMakeFiles/rocket_logger.dir/pico-sdk/lib/tinyusb/src/class/cdc/cdc_device.c.obj
                0x100034a0                tud_cdc_n_connected
 .text.tud_cdc_n_available
                0x100034cc       0x14 CMakeFiles/rocket_logger.dir/pico-sdk/lib/tinyusb/src/class/cdc/cdc_device.c.obj
                0x100034cc                tud_cdc_n_available
 .text.tud_cdc_n_read
                0x100034e0       0x88 CMakeFiles/rocket_logger.dir/pico-sdk/lib/tinyusb/src/class/cdc/cdc_device.c.obj
                0x100034e0                tud_cdc_n_read
 .text.tud_cdc_n_write_flush
                0x10003568       0x78 CMakeFiles/rocket_logger.dir/pico-sdk/lib/tinyusb/src/class/cdc/cdc_device.c.obj
                0x10003568                tud_cdc_n_write_flush
 .text.tud_cdc_n_write
                0x100035e0       0x40 CMakeFiles/rocket_logger.dir/pico-sdk/lib/tinyusb/src/class/cdc/cdc_device.c.obj
                0x100035e0                tud_cdc_n_write
 .text.tud_cdc_n_write_available
                0x10003620       0x14 CMakeFiles/rocket_logger.dir/pico-sdk/lib/tinyusb/src/class/cdc/cdc_device.c.obj
                0x10003620                tud_cdc_n_write_available
 .text.cdcd_init
                0x10003634       0x70 CMakeFiles/rocket_logger.dir/pico-sdk/lib/tinyusb/src/class/cdc/cdc_device.c.obj
                0x10003634                cdcd_init
 .text.cdcd_deinit
                0x100036a4       0x30 CMakeFiles/rocket_logger.dir/pico-sdk/lib/tinyusb/src/class/cdc/cdc_device.c.obj
                0x100036a4                cdcd_deinit
 .text.cdcd_reset
                0x100036d4       0x48 CMakeFiles/rocket_logger.dir/pico-sdk/lib/tinyusb/src/class/cdc/cdc_device.c.obj
                0x100036d4                cdcd_reset
 .text.cdcd_open
                0x1000371c       0xa8 CMakeFiles/rocket_logger.dir/pico-sdk/lib/tinyusb/src/class/cdc/cdc_device.c.obj
                0x1000371c                cdcd_open
 .text.cdcd_control_xfer_cb
                0x100037c4       0xf0 CMakeFiles/rocket_logger.dir/pico-sdk/lib/tinyusb/src/class/cdc/cdc_device.c.obj
                0x100037c4                cdcd_control_xfer_cb
 .text.cdcd_xfer_cb
                0x100038b4       0xf8 CMakeFiles/rocket_logger.dir/pico-sdk/lib/tinyusb/src/class/cdc/cdc_device.c.obj
                0x100038b4                cdcd_xfer_cb
 .text.vendord_init
                0x100039ac       0x5c CMakeFiles/rocket_logger.dir/pico-sdk/lib/tinyusb/src/class/vendor/vendor_device.c.obj
                0x100039ac                vendord_init
 .text.vendord_deinit
                0x10003a08       0x1c CMakeFiles/rocket_logger.dir/pico-sdk/lib/tinyusb/src/class/vendor/vendor_device.c.obj
                0x10003a08                vendord_deinit
 .text.vendord_reset
                0x10003a24       0x28 CMakeFiles/rocket_logger.dir/pico-sdk/lib/tinyusb/src/class/vendor/vendor_device.c.obj
                0x10003a24                vendord_reset
 .text.vendord_open
                0x10003a4c      0x104 CMakeFiles/rocket_logger.dir/pico-sdk/lib/tinyusb/src/class/vendor/vendor_device.c.obj
                0x10003a4c                vendord_open
 .text.vendord_xfer_cb
                0x10003b50       0xa0 CMakeFiles/rocket_logger.dir/pico-sdk/lib/tinyusb/src/class/vendor/vendor_device.c.obj
                0x10003b50                vendord_xfer_cb
 .text.tusb_rhport_init
                0x10003bf0       0x4c CMakeFiles/rocket_logger.dir/pico-sdk/lib/tinyusb/src/tusb.c.obj
                0x10003bf0                tusb_rhport_init
 .text.tu_edpt_claim
                0x10003c3c       0x50 CMakeFiles/rocket_logger.dir/pico-sdk/lib/tinyusb/src/tusb.c.obj
                0x10003c3c                tu_edpt_claim
 .text.tu_edpt_release
                0x10003c8c       0x38 CMakeFiles/rocket_logger.dir/pico-sdk/lib/tinyusb/src/tusb.c.obj
                0x10003c8c                tu_edpt_release
 .text.tu_edpt_validate
                0x10003cc4       0x74 CMakeFiles/rocket_logger.dir/pico-sdk/lib/tinyusb/src/tusb.c.obj
                0x10003cc4                tu_edpt_validate
 .text.tu_edpt_bind_driver
                0x10003d38       0x34 CMakeFiles/rocket_logger.dir/pico-sdk/lib/tinyusb/src/tusb.c.obj
                0x10003d38                tu_edpt_bind_driver
 .text.tu_edpt_stream_init
                0x10003d6c       0x68 CMakeFiles/rocket_logger.dir/pico-sdk/lib/tinyusb/src/tusb.c.obj
                0x10003d6c                tu_edpt_stream_init
 .text.tu_edpt_stream_deinit
                0x10003dd4        0x4 CMakeFiles/rocket_logger.dir/pico-sdk/lib/tinyusb/src/tusb.c.obj
                0x10003dd4                tu_edpt_stream_deinit
 .text.tu_edpt_stream_write_zlp_if_needed
                0x10003dd8       0x64 CMakeFiles/rocket_logger.dir/pico-sdk/lib/tinyusb/src/tusb.c.obj
                0x10003dd8                tu_edpt_stream_write_zlp_if_needed
 .text.tu_edpt_stream_write_xfer
                0x10003e3c       0x6c CMakeFiles/rocket_logger.dir/pico-sdk/lib/tinyusb/src/tusb.c.obj
                0x10003e3c                tu_edpt_stream_write_xfer
 .text.tu_edpt_stream_read_xfer
                0x10003ea8       0xd8 CMakeFiles/rocket_logger.dir/pico-sdk/lib/tinyusb/src/tusb.c.obj
                0x10003ea8                tu_edpt_stream_read_xfer
 .text.tu_fifo_config
                0x10003f80       0x6c CMakeFiles/rocket_logger.dir/pico-sdk/lib/tinyusb/src/common/tusb_fifo.c.obj
                0x10003f80                tu_fifo_config
 .text.tu_fifo_count
                0x10003fec       0x2c CMakeFiles/rocket_logger.dir/pico-sdk/lib/tinyusb/src/common/tusb_fifo.c.obj
                0x10003fec                tu_fifo_count
 .text.tu_fifo_empty
                0x10004018       0x10 CMakeFiles/rocket_logger.dir/pico-sdk/lib/tinyusb/src/common/tusb_fifo.c.obj
                0x10004018                tu_fifo_empty
 .text.tu_fifo_remaining
                0x10004028       0x2c CMakeFiles/rocket_logger.dir/pico-sdk/lib/tinyusb/src/common/tusb_fifo.c.obj
                0x10004028                tu_fifo_remaining
 .text.tu_fifo_read
                0x10004054       0x9c CMakeFiles/rocket_logger.dir/pico-sdk/lib/tinyusb/src/common/tusb_fifo.c.obj
                0x10004054                tu_fifo_read
 .text.tu_fifo_read_n
                0x100040f0       0xec CMakeFiles/rocket_logger.dir/pico-sdk/lib/tinyusb/src/common/tusb_fifo.c.obj
                0x100040f0                tu_fifo_read_n
 .text.tu_fifo_write
                0x100041dc       0xa4 CMakeFiles/rocket_logger.dir/pico-sdk/lib/tinyusb/src/common/tusb_fifo.c.obj
                0x100041dc                tu_fifo_write
 .text.tu_fifo_write_n
                0x10004280      0x168 CMakeFiles/rocket_logger.dir/pico-sdk/lib/tinyusb/src/common/tusb_fifo.c.obj
                0x10004280                tu_fifo_write_n
 .text.tu_fifo_clear
                0x100043e8       0x40 CMakeFiles/rocket_logger.dir/pico-sdk/lib/tinyusb/src/common/tusb_fifo.c.obj
                0x100043e8                tu_fifo_clear
 .text.tu_fifo_set_overwritable
                0x10004428       0x48 CMakeFiles/rocket_logger.dir/pico-sdk/lib/tinyusb/src/common/tusb_fifo.c.obj
                0x10004428                tu_fifo_set_overwritable
 .text.strlen   0x10004470       0x60 C:/Program Files (x86)/Arm/GNU Toolchain mingw-w64-i686-arm-none-eabi/bin/../lib/gcc/arm-none-eabi/15.2.1/../../../../arm-none-eabi/lib/thumb/v6-m/nofp\libg.a(libc_a-strlen-stub.o)
                0x10004470                strlen
 *(.fini)
 .fini          0x100044d0        0x4 C:/Program Files (x86)/Arm/GNU Toolchain mingw-w64-i686-arm-none-eabi/bin/../lib/gcc/arm-none-eabi/15.2.1/thumb/v6-m/nofp/crti.o
                0x100044d0                _fini
 *fill*         0x100044d4        0x4 
 .fini.__stub   0x100044d8       0xb0 linker stubs
 *crtbegin.o(.ctors)
 *crtbegin?.o(.ctors)
 *(EXCLUDE_FILE(*crtend.o *crtend?.o) .ctors)
 *(SORT_BY_NAME(.ctors.*))
 *(.ctors)
 *crtbegin.o(.dtors)
 *crtbegin?.o(.dtors)
 *(EXCLUDE_FILE(*crtend.o *crtend?.o) .dtors)
 *(SORT_BY_NAME(.dtors.*))
 *(.dtors)
                0x10004588                        . = ALIGN (0x4)
                0x10004588                        PROVIDE (__preinit_array_start = .)
 *(SORT_BY_NAME(.preinit_array.*))
 .preinit_array.00100
                0x10004588        0x4 CMakeFiles/rocket_logger.dir/pico-sdk/src/rp2_common/pico_runtime_init/runtime_init.c.obj
                0x10004588                __pre_init_runtime_init_early_resets
 .preinit_array.00101
                0x1000458c        0x4 CMakeFiles/rocket_logger.dir/pico-sdk/src/rp2_common/pico_runtime_init/runtime_init.c.obj
                0x1000458c                __pre_init_runtime_init_usb_power_down
 .preinit_array.00275
                0x10004590        0x4 CMakeFiles/rocket_logger.dir/pico-sdk/src/rp2_common/pico_bit_ops/bit_ops_aeabi.S.obj
 .preinit_array.00300
                0x10004594        0x4 CMakeFiles/rocket_logger.dir/pico-sdk/src/rp2_common/pico_mem_ops/mem_ops_aeabi.S.obj
 .preinit_array.00350
                0x10004598        0x4 CMakeFiles/rocket_logger.dir/pico-sdk/src/rp2_common/pico_double/double_aeabi_rp2040.S.obj
 .preinit_array.00350
                0x1000459c        0x4 CMakeFiles/rocket_logger.dir/pico-sdk/src/rp2_common/pico_float/float_aeabi_rp2040.S.obj
 .preinit_array.00500
                0x100045a0        0x4 CMakeFiles/rocket_logger.dir/pico-sdk/src/rp2_common/pico_runtime_init/runtime_init.c.obj
                0x100045a0                __pre_init_runtime_init_clocks
 .preinit_array.00600
                0x100045a4        0x4 CMakeFiles/rocket_logger.dir/pico-sdk/src/rp2_common/pico_runtime_init/runtime_init.c.obj
                0x100045a4                __pre_init_runtime_init_post_clock_resets
 .preinit_array.00700
                0x100045a8        0x4 CMakeFiles/rocket_logger.dir/pico-sdk/src/rp2_common/pico_runtime_init/runtime_init.c.obj
                0x100045a8                __pre_init_runtime_init_rp2040_gpio_ie_disable
 .preinit_array.01000
                0x100045ac        0x4 CMakeFiles/rocket_logger.dir/pico-sdk/src/rp2_common/pico_runtime_init/runtime_init.c.obj
                0x100045ac                __pre_init_runtime_init_spin_locks_reset
 .preinit_array.01100
                0x100045b0        0x4 CMakeFiles/rocket_logger.dir/pico-sdk/src/common/pico_sync/mutex.c.obj
                0x100045b0                __pre_init_runtime_init_mutex
 .preinit_array.10080
                0x100045b4        0x4 CMakeFiles/rocket_logger.dir/pico-sdk/src/rp2_common/pico_runtime_init/runtime_init.c.obj
                0x100045b4                __pre_init_runtime_init_install_ram_vector_table
 .preinit_array.11000
                0x100045b8        0x4 CMakeFiles/rocket_logger.dir/pico-sdk/src/common/pico_time/time.c.obj
                0x100045b8                __pre_init_runtime_init_default_alarm_pool
 .preinit_array.YYYYY
                0x100045bc        0x4 CMakeFiles/rocket_logger.dir/pico-sdk/src/rp2_common/pico_runtime/runtime.c.obj
                0x100045bc                __pre_init_first_per_core_initializer
 .preinit_array.ZZZZZ.01200
                0x100045c0        0x4 CMakeFiles/rocket_logger.dir/pico-sdk/src/rp2_common/hardware_irq/irq.c.obj
                0x100045c0                __pre_init_runtime_init_per_core_irq_priorities
 *(.preinit_array)
                0x100045c4                        PROVIDE (__preinit_array_end = .)
                0x100045c4                        . = ALIGN (0x4)
                0x100045c4                        PROVIDE (__init_array_start = .)
 *(SORT_BY_NAME(.init_array.*))
 .init_array.01000
                0x100045c4        0x4 CMakeFiles/rocket_logger.dir/pico-sdk/src/rp2_common/pico_unique_id/unique_id.c.obj
 *(.init_array)
 .init_array    0x100045c8        0x4 C:/Program Files (x86)/Arm/GNU Toolchain mingw-w64-i686-arm-none-eabi/bin/../lib/gcc/arm-none-eabi/15.2.1/thumb/v6-m/nofp/crtbegin.o
                0x100045cc                        PROVIDE (__init_array_end = .)
                0x100045cc                        . = ALIGN (0x4)
                [!provide]                        PROVIDE (__fini_array_start = .)
 *(SORT_BY_NAME(.fini_array.*))
 *(.fini_array)
                [!provide]                        PROVIDE (__fini_array_end = .)
 *(.eh_frame*)
 .eh_frame      0x100045cc        0x0 C:/Program Files (x86)/Arm/GNU Toolchain mingw-w64-i686-arm-none-eabi/bin/../lib/gcc/arm-none-eabi/15.2.1/thumb/v6-m/nofp/crtbegin.o
                0x100045cc                        . = ALIGN (0x4)

.glue_7         0x100045cc        0x0
 .glue_7        0x100045cc        0x0 linker stubs

.glue_7t        0x100045cc        0x0
 .glue_7t       0x100045cc        0x0 linker stubs

.vfp11_veneer   0x100045cc        0x0
 .vfp11_veneer  0x100045cc        0x0 linker stubs

.v4_bx          0x100045cc        0x0
 .v4_bx         0x100045cc        0x0 linker stubs

.iplt           0x100045cc        0x0
 .iplt          0x100045cc        0x0 C:/Program Files (x86)/Arm/GNU Toolchain mingw-w64-i686-arm-none-eabi/bin/../lib/gcc/arm-none-eabi/15.2.1/thumb/v6-m/nofp/crtbegin.o

.rodata         0x100045cc      0x464
 *(EXCLUDE_FILE(*libm.a: *libc.a:*lib_a-mem*.o *libgcc.a:) .rodata*)
 .rodata.main.str1.4
                0x100045cc      0x1ac CMakeFiles/rocket_logger.dir/main.c.obj
                                 0x50 (size before relaxing)
 .rodata.panic.str1.4
                0x10004778        0x0 CMakeFiles/rocket_logger.dir/pico-sdk/src/rp2_common/pico_platform_panic/panic.c.obj
                                 0x12 (size before relaxing)
 .rodata.spin_lock_claim_unused.str1.4
                0x10004778        0x0 CMakeFiles/rocket_logger.dir/pico-sdk/src/rp2_common/hardware_sync/sync.c.obj
                                 0x1b (size before relaxing)
 .rodata.user_irq_claim_unused.str1.4
                0x10004778        0x0 CMakeFiles/rocket_logger.dir/pico-sdk/src/rp2_common/hardware_irq/irq.c.obj
                                 0x1b (size before relaxing)
 .rodata.timer_hardware_alarm_claim.str1.4
                0x10004778        0x0 CMakeFiles/rocket_logger.dir/pico-sdk/src/rp2_common/hardware_timer/timer.c.obj
                                 0x22 (size before relaxing)
 .rodata.hard_assertion_failure.str1.4
                0x10004778        0x0 CMakeFiles/rocket_logger.dir/pico-sdk/src/rp2_common/pico_runtime/runtime.c.obj
                                  0xc (size before relaxing)
 .rodata.str1.4
                0x10004778        0x0 CMakeFiles/rocket_logger.dir/pico-sdk/src/rp2_common/pico_standard_binary_info/standard_binary_info.c.obj
                                 0x44 (size before relaxing)
 .rodata.__bi_84
                0x10004778        0xc CMakeFiles/rocket_logger.dir/pico-sdk/src/rp2_common/pico_standard_binary_info/standard_binary_info.c.obj
 .rodata.__bi_78
                0x10004784        0xc CMakeFiles/rocket_logger.dir/pico-sdk/src/rp2_common/pico_standard_binary_info/standard_binary_info.c.obj
 .rodata.__bi_54
                0x10004790        0xc CMakeFiles/rocket_logger.dir/pico-sdk/src/rp2_common/pico_standard_binary_info/standard_binary_info.c.obj
 .rodata.__bi_48
                0x1000479c        0xc CMakeFiles/rocket_logger.dir/pico-sdk/src/rp2_common/pico_standard_binary_info/standard_binary_info.c.obj
 .rodata.__bi_42
                0x100047a8        0xc CMakeFiles/rocket_logger.dir/pico-sdk/src/rp2_common/pico_standard_binary_info/standard_binary_info.c.obj
 .rodata.__bi_34
                0x100047b4        0xc CMakeFiles/rocket_logger.dir/pico-sdk/src/rp2_common/pico_standard_binary_info/standard_binary_info.c.obj
 .rodata.__bi_26
                0x100047c0        0xc CMakeFiles/rocket_logger.dir/pico-sdk/src/rp2_common/pico_standard_binary_info/standard_binary_info.c.obj
 .rodata.crlf_str.0
                0x100047cc        0x2 CMakeFiles/rocket_logger.dir/pico-sdk/src/rp2_common/pico_stdio/stdio.c.obj
 *fill*         0x100047ce        0x2 
 .rodata._resetd_driver
                0x100047d0       0x20 CMakeFiles/rocket_logger.dir/pico-sdk/src/rp2_common/pico_stdio_usb/reset_interface.c.obj
 .rodata.desc_ms_os_20
                0x100047f0       0xa6 CMakeFiles/rocket_logger.dir/pico-sdk/src/rp2_common/pico_stdio_usb/reset_interface.c.obj
 *fill*         0x10004896        0x2 
 .rodata.desc_bos
                0x10004898       0x21 CMakeFiles/rocket_logger.dir/pico-sdk/src/rp2_common/pico_stdio_usb/reset_interface.c.obj
                0x10004898                desc_bos
 .rodata.str1.4
                0x100048b9        0x0 CMakeFiles/rocket_logger.dir/pico-sdk/src/rp2_common/pico_stdio_usb/stdio_usb.c.obj
                                 0x13 (size before relaxing)
 *fill*         0x100048b9        0x3 
 .rodata.__bi_202.0
                0x100048bc        0xc CMakeFiles/rocket_logger.dir/pico-sdk/src/rp2_common/pico_stdio_usb/stdio_usb.c.obj
 .rodata.str1.4
                0x100048c8        0x0 CMakeFiles/rocket_logger.dir/pico-sdk/src/rp2_common/pico_stdio_usb/stdio_usb_descriptors.c.obj
                                 0x2a (size before relaxing)
 .rodata.usbd_desc_str
                0x100048c8       0x18 CMakeFiles/rocket_logger.dir/pico-sdk/src/rp2_common/pico_stdio_usb/stdio_usb_descriptors.c.obj
 .rodata.usbd_desc_cfg
                0x100048e0       0x54 CMakeFiles/rocket_logger.dir/pico-sdk/src/rp2_common/pico_stdio_usb/stdio_usb_descriptors.c.obj
 .rodata.usbd_desc_device
                0x10004934       0x12 CMakeFiles/rocket_logger.dir/pico-sdk/src/rp2_common/pico_stdio_usb/stdio_usb_descriptors.c.obj
 .rodata.str1.4
                0x10004946        0x0 CMakeFiles/rocket_logger.dir/pico-sdk/lib/tinyusb/src/portable/raspberrypi/rp2040/dcd_rp2040.c.obj
                                 0x14 (size before relaxing)
 .rodata.str1.4
                0x10004946        0x0 CMakeFiles/rocket_logger.dir/pico-sdk/lib/tinyusb/src/portable/raspberrypi/rp2040/rp2040_usb.c.obj
                                 0x48 (size before relaxing)
 *fill*         0x10004946        0x2 
 .rodata.tud_task_ext
                0x10004948       0x8c CMakeFiles/rocket_logger.dir/pico-sdk/lib/tinyusb/src/device/usbd.c.obj
 .rodata        0x100049d4       0x1c CMakeFiles/rocket_logger.dir/pico-sdk/lib/tinyusb/src/device/usbd.c.obj
 .rodata._usbd_driver
                0x100049f0       0x40 CMakeFiles/rocket_logger.dir/pico-sdk/lib/tinyusb/src/device/usbd.c.obj
                0x10004a30                        . = ALIGN (0x4)
 *(SORT_BY_ALIGNMENT(SORT_BY_NAME(.flashdata*)))
                0x10004a30                        . = ALIGN (0x4)

.ARM.extab
 *(.ARM.extab* .gnu.linkonce.armextab.*)
                0x10004a30                        __exidx_start = .

.ARM.exidx
 *(.ARM.exidx* .gnu.linkonce.armexidx.*)
                0x10004a30                        __exidx_end = .
                0x10004a30                        . = ALIGN (0x4)
                0x10004a30                        __binary_info_start = .

.binary_info    0x10004a30       0x20
 *(.binary_info.keep.*)
 .binary_info.keep.__bi_ptr84
                0x10004a30        0x4 CMakeFiles/rocket_logger.dir/pico-sdk/src/rp2_common/pico_standard_binary_info/standard_binary_info.c.obj
 .binary_info.keep.__bi_ptr78
                0x10004a34        0x4 CMakeFiles/rocket_logger.dir/pico-sdk/src/rp2_common/pico_standard_binary_info/standard_binary_info.c.obj
 .binary_info.keep.__bi_ptr54
                0x10004a38        0x4 CMakeFiles/rocket_logger.dir/pico-sdk/src/rp2_common/pico_standard_binary_info/standard_binary_info.c.obj
 .binary_info.keep.__bi_ptr48
                0x10004a3c        0x4 CMakeFiles/rocket_logger.dir/pico-sdk/src/rp2_common/pico_standard_binary_info/standard_binary_info.c.obj
 .binary_info.keep.__bi_ptr42
                0x10004a40        0x4 CMakeFiles/rocket_logger.dir/pico-sdk/src/rp2_common/pico_standard_binary_info/standard_binary_info.c.obj
 .binary_info.keep.__bi_ptr34
                0x10004a44        0x4 CMakeFiles/rocket_logger.dir/pico-sdk/src/rp2_common/pico_standard_binary_info/standard_binary_info.c.obj
 .binary_info.keep.__bi_ptr26
                0x10004a48        0x4 CMakeFiles/rocket_logger.dir/pico-sdk/src/rp2_common/pico_standard_binary_info/standard_binary_info.c.obj
 *(.binary_info.*)
 .binary_info.__bi_ptr202
                0x10004a4c        0x4 CMakeFiles/rocket_logger.dir/pico-sdk/src/rp2_common/pico_stdio_usb/stdio_usb.c.obj
                0x10004a50                        __binary_info_end = .
                0x10004a50                        . = ALIGN (0x4)

.ram_vector_table
                0x20000000       0xc0
 *(.ram_vector_table)
 .ram_vector_table
                0x20000000       0xc0 CMakeFiles/rocket_logger.dir/pico-sdk/src/rp2_common/pico_runtime_init/runtime_init.c.obj
                0x20000000                ram_vector_table

.uninitialized_data
                0x200000c0        0x0
                0x200000c0                        . = ALIGN (0x4)
 *(.uninitialized_data*)

.data           0x200000c0      0xfa0 load address 0x10004a50
                0x200000c0                        __data_start__ = .
 *(vtable)
 *(.time_critical*)
 .time_critical.mutex_try_enter
                0x200000c0       0x40 CMakeFiles/rocket_logger.dir/pico-sdk/src/common/pico_sync/mutex.c.obj
                0x200000c0                mutex_try_enter
 .time_critical.mutex_try_enter_block_until
                0x20000100       0x98 CMakeFiles/rocket_logger.dir/pico-sdk/src/common/pico_sync/mutex.c.obj
                0x20000100                mutex_try_enter_block_until
 .time_critical.mutex_enter_timeout_ms
                0x20000198       0x8c CMakeFiles/rocket_logger.dir/pico-sdk/src/common/pico_sync/mutex.c.obj
                0x20000198                mutex_enter_timeout_ms
 .time_critical.mutex_exit
                0x20000224       0x28 CMakeFiles/rocket_logger.dir/pico-sdk/src/common/pico_sync/mutex.c.obj
                0x20000224                mutex_exit
 .time_critical.flash_init_boot2_copyout
                0x2000024c       0x30 CMakeFiles/rocket_logger.dir/pico-sdk/src/rp2_common/hardware_flash/flash.c.obj
 .time_critical.flash_enable_xip_via_boot2
                0x2000027c        0xc CMakeFiles/rocket_logger.dir/pico-sdk/src/rp2_common/hardware_flash/flash.c.obj
 .time_critical.flash_save_hardware_state
                0x20000288       0x20 CMakeFiles/rocket_logger.dir/pico-sdk/src/rp2_common/hardware_flash/flash.c.obj
 .time_critical.flash_restore_hardware_state
                0x200002a8       0x20 CMakeFiles/rocket_logger.dir/pico-sdk/src/rp2_common/hardware_flash/flash.c.obj
 .time_critical.flash_cs_force
                0x200002c8       0x38 CMakeFiles/rocket_logger.dir/pico-sdk/src/rp2_common/hardware_flash/flash.c.obj
 .time_critical.flash_do_cmd
                0x20000300      0x124 CMakeFiles/rocket_logger.dir/pico-sdk/src/rp2_common/hardware_flash/flash.c.obj
                0x20000300                flash_do_cmd
 .time_critical.reset_non_control_endpoints
                0x20000424       0x68 CMakeFiles/rocket_logger.dir/pico-sdk/lib/tinyusb/src/portable/raspberrypi/rp2040/dcd_rp2040.c.obj
 .time_critical.hw_handle_buff_status
                0x2000048c       0x88 CMakeFiles/rocket_logger.dir/pico-sdk/lib/tinyusb/src/portable/raspberrypi/rp2040/dcd_rp2040.c.obj
 .time_critical.dcd_rp2040_irq
                0x20000514      0x53c CMakeFiles/rocket_logger.dir/pico-sdk/lib/tinyusb/src/portable/raspberrypi/rp2040/dcd_rp2040.c.obj
 .time_critical.prepare_ep_buffer
                0x20000a50       0xc4 CMakeFiles/rocket_logger.dir/pico-sdk/lib/tinyusb/src/portable/raspberrypi/rp2040/rp2040_usb.c.obj
 .time_critical.sync_ep_buffer
                0x20000b14       0xa0 CMakeFiles/rocket_logger.dir/pico-sdk/lib/tinyusb/src/portable/raspberrypi/rp2040/rp2040_usb.c.obj
 .time_critical._hw_endpoint_xfer_sync
                0x20000bb4       0x28 CMakeFiles/rocket_logger.dir/pico-sdk/lib/tinyusb/src/portable/raspberrypi/rp2040/rp2040_usb.c.obj
 .time_critical.e15_is_bulkin_ep
                0x20000bdc       0x28 CMakeFiles/rocket_logger.dir/pico-sdk/lib/tinyusb/src/portable/raspberrypi/rp2040/rp2040_usb.c.obj
 .time_critical.e15_is_critical_frame_period
                0x20000c04       0x30 CMakeFiles/rocket_logger.dir/pico-sdk/lib/tinyusb/src/portable/raspberrypi/rp2040/rp2040_usb.c.obj
 .time_critical.hw_endpoint_reset_transfer
                0x20000c34        0xc CMakeFiles/rocket_logger.dir/pico-sdk/lib/tinyusb/src/portable/raspberrypi/rp2040/rp2040_usb.c.obj
                0x20000c34                hw_endpoint_reset_transfer
 .time_critical._hw_endpoint_buffer_control_update32
                0x20000c40       0x50 CMakeFiles/rocket_logger.dir/pico-sdk/lib/tinyusb/src/portable/raspberrypi/rp2040/rp2040_usb.c.obj
                0x20000c40                _hw_endpoint_buffer_control_update32
 .time_critical.hw_endpoint_start_next_buffer
                0x20000c90       0x68 CMakeFiles/rocket_logger.dir/pico-sdk/lib/tinyusb/src/portable/raspberrypi/rp2040/rp2040_usb.c.obj
                0x20000c90                hw_endpoint_start_next_buffer
 .time_critical.hw_endpoint_xfer_continue
                0x20000cf8       0x40 CMakeFiles/rocket_logger.dir/pico-sdk/lib/tinyusb/src/portable/raspberrypi/rp2040/rp2040_usb.c.obj
                0x20000cf8                hw_endpoint_xfer_continue
 .time_critical.tinyusb
                0x20000d38      0x1d8 CMakeFiles/rocket_logger.dir/pico-sdk/lib/tinyusb/src/device/usbd.c.obj
                0x20000d38                dcd_event_handler
 *(.text*)
 .text          0x20000f10        0x4 C:/Program Files (x86)/Arm/GNU Toolchain mingw-w64-i686-arm-none-eabi/bin/../lib/gcc/arm-none-eabi/15.2.1/thumb/v6-m/nofp\libgcc.a(_dvmd_tls.o)
                0x20000f10                __aeabi_idiv0
                0x20000f10                __aeabi_ldiv0
 *fill*         0x20000f14        0x4 
 .text.__stub   0x20000f18       0x80 linker stubs
                0x20000f98                        . = ALIGN (0x4)
 *(.rodata*)
                0x20000f98                        . = ALIGN (0x4)
 *(.data*)
 .data.striped_spin_lock_num
                0x20000f98        0x1 CMakeFiles/rocket_logger.dir/pico-sdk/src/rp2_common/hardware_sync/sync.c.obj
 *fill*         0x20000f99        0x3 
 .data          0x20000f9c       0x48 CMakeFiles/rocket_logger.dir/pico-sdk/src/rp2_common/hardware_irq/irq_handler_chain.S.obj
                0x20000f9c                irq_handler_chain_slots
                0x20000fcc                irq_handler_chain_first_slot
                0x20000fd6                irq_handler_chain_remove_tail
 .data.default_alarm_pool
                0x20000fe4       0x18 CMakeFiles/rocket_logger.dir/pico-sdk/src/common/pico_time/time.c.obj
 *fill*         0x20000ffc        0x4 
 .data.aeabi_bits_funcs
                0x20001000       0x10 CMakeFiles/rocket_logger.dir/pico-sdk/src/rp2_common/pico_bit_ops/bit_ops_aeabi.S.obj
                0x20001000                aeabi_bits_funcs
                0x20001010                aeabi_bits_funcs_end
 .data.aeabi_mem_funcs
                0x20001010       0x10 CMakeFiles/rocket_logger.dir/pico-sdk/src/rp2_common/pico_mem_ops/mem_ops_aeabi.S.obj
                0x20001010                aeabi_mem_funcs
                0x20001020                aeabi_mem_funcs_end
 .data.stdio_usb
                0x20001020       0x18 CMakeFiles/rocket_logger.dir/pico-sdk/src/rp2_common/pico_stdio_usb/stdio_usb.c.obj
                0x20001020                stdio_usb
 .data._usbd_qdef
                0x20001038       0x1c CMakeFiles/rocket_logger.dir/pico-sdk/lib/tinyusb/src/device/usbd.c.obj
                0x20001038                _usbd_qdef
 .data._usbd_rhport
                0x20001054        0x1 CMakeFiles/rocket_logger.dir/pico-sdk/lib/tinyusb/src/device/usbd.c.obj
                0x20001058                        . = ALIGN (0x4)
 *fill*         0x20001055        0x3 
 *(.after_data.*)
                0x20001058                        . = ALIGN (0x4)
                0x20001058                        PROVIDE (__mutex_array_start = .)
 *(SORT_BY_NAME(.mutex_array.*))
 *(.mutex_array)
 .mutex_array   0x20001058        0x8 CMakeFiles/rocket_logger.dir/pico-sdk/src/rp2_common/pico_stdio/stdio.c.obj
                0x20001060                        PROVIDE (__mutex_array_end = .)
                0x20001060                        . = ALIGN (0x4)
 *(.jcr)
                0x20001060                        . = ALIGN (0x4)

.tm_clone_table
                0x20001060        0x0 load address 0x100059f0
 .tm_clone_table
                0x20001060        0x0 C:/Program Files (x86)/Arm/GNU Toolchain mingw-w64-i686-arm-none-eabi/bin/../lib/gcc/arm-none-eabi/15.2.1/thumb/v6-m/nofp/crtbegin.o
 .tm_clone_table
                0x20001060        0x0 C:/Program Files (x86)/Arm/GNU Toolchain mingw-w64-i686-arm-none-eabi/bin/../lib/gcc/arm-none-eabi/15.2.1/thumb/v6-m/nofp/crtend.o

.igot.plt       0x20001060        0x0 load address 0x100059f0
 .igot.plt      0x20001060        0x0 C:/Program Files (x86)/Arm/GNU Toolchain mingw-w64-i686-arm-none-eabi/bin/../lib/gcc/arm-none-eabi/15.2.1/thumb/v6-m/nofp/crtbegin.o

.tdata          0x20001060        0x0 load address 0x100059f0
                0x20001060                        . = ALIGN (0x4)
 *(.tdata .tdata.* .gnu.linkonce.td.*)
                0x20001060                        __tdata_end = .
                0x20001060                        PROVIDE (__data_end__ = .)
                0x10004a50                        __etext = LOADADDR (.data)

.tbss           0x20001060        0x0 load address 0x100059f0
                0x20001060                        . = ALIGN (0x4)
                0x20001060                        __bss_start__ = .
                0x20001060                        __tls_base = .
 *(.tbss .tbss.* .gnu.linkonce.tb.*)
 *(.tcommon)
                0x20001060                        __tls_end = .

.bss            0x20001060      0xefc load address 0x100059f0
                0x20001060                        . = ALIGN (0x4)
                0x20001060                        __tbss_end = .
 *(SORT_BY_ALIGNMENT(SORT_BY_NAME(.bss*)))
 .bss._cdcd_itf
                0x20001060       0xc8 CMakeFiles/rocket_logger.dir/pico-sdk/lib/tinyusb/src/class/cdc/cdc_device.c.obj
 .bss.default_alarm_pool_entries
                0x20001128      0x180 CMakeFiles/rocket_logger.dir/pico-sdk/src/common/pico_time/time.c.obj
 .bss.last_avail_time.1
                0x200012a8        0x8 CMakeFiles/rocket_logger.dir/pico-sdk/src/rp2_common/pico_stdio_usb/stdio_usb.c.obj
 .bss.sd_table  0x200012b0      0x100 CMakeFiles/rocket_logger.dir/pico-sdk/src/rp2_common/pico_double/double_init_rom_rp2040.c.obj
                0x200012b0                sd_table
 .bss.sf_table  0x200013b0      0x100 CMakeFiles/rocket_logger.dir/pico-sdk/src/rp2_common/pico_float/float_init_rom_rp2040.c.obj
                0x200013b0                sf_table
 .bss._app_driver
                0x200014b0        0x4 CMakeFiles/rocket_logger.dir/pico-sdk/lib/tinyusb/src/device/usbd.c.obj
 .bss._cdcd_epbuf
                0x200014b4       0x80 CMakeFiles/rocket_logger.dir/pico-sdk/lib/tinyusb/src/class/cdc/cdc_device.c.obj
 .bss._cdcd_fifo_cfg
                0x20001534        0x1 CMakeFiles/rocket_logger.dir/pico-sdk/lib/tinyusb/src/class/cdc/cdc_device.c.obj
 *fill*         0x20001535        0x3 
 .bss._ctrl_epbuf
                0x20001538       0x40 CMakeFiles/rocket_logger.dir/pico-sdk/lib/tinyusb/src/device/usbd_control.c.obj
 .bss._ctrl_xfer
                0x20001578       0x14 CMakeFiles/rocket_logger.dir/pico-sdk/lib/tinyusb/src/device/usbd_control.c.obj
 .bss._tusb_rhport_role
                0x2000158c        0x2 CMakeFiles/rocket_logger.dir/pico-sdk/lib/tinyusb/src/tusb.c.obj
                0x2000158c                _tusb_rhport_role
 *fill*         0x2000158e        0x2 
 .bss._ubsd_mutexdef
                0x20001590        0x8 CMakeFiles/rocket_logger.dir/pico-sdk/lib/tinyusb/src/device/usbd.c.obj
 .bss._usbd_dev
                0x20001598       0x54 CMakeFiles/rocket_logger.dir/pico-sdk/lib/tinyusb/src/device/usbd.c.obj
 .bss._usbd_mutex
                0x200015ec        0x4 CMakeFiles/rocket_logger.dir/pico-sdk/lib/tinyusb/src/device/usbd.c.obj
 .bss._usbd_q   0x200015f0        0x4 CMakeFiles/rocket_logger.dir/pico-sdk/lib/tinyusb/src/device/usbd.c.obj
 .bss._usbd_qdef_buf
                0x200015f4       0xc0 CMakeFiles/rocket_logger.dir/pico-sdk/lib/tinyusb/src/device/usbd.c.obj
                0x200015f4                _usbd_qdef_buf
 .bss._vendord_epbuf
                0x200016b4       0x80 CMakeFiles/rocket_logger.dir/pico-sdk/lib/tinyusb/src/class/vendor/vendor_device.c.obj
 .bss._vendord_itf
                0x20001734      0x24c CMakeFiles/rocket_logger.dir/pico-sdk/lib/tinyusb/src/class/vendor/vendor_device.c.obj
 .bss.boot2_copyout
                0x20001980      0x100 CMakeFiles/rocket_logger.dir/pico-sdk/src/rp2_common/hardware_flash/flash.c.obj
 .bss.chars_available_callback
                0x20001a80        0x4 CMakeFiles/rocket_logger.dir/pico-sdk/src/rp2_common/pico_stdio_usb/stdio_usb.c.obj
 .bss.chars_available_param
                0x20001a84        0x4 CMakeFiles/rocket_logger.dir/pico-sdk/src/rp2_common/pico_stdio_usb/stdio_usb.c.obj
 .bss.claimed   0x20001a88        0x4 CMakeFiles/rocket_logger.dir/pico-sdk/src/rp2_common/hardware_sync/sync.c.obj
 .bss.claimed   0x20001a8c        0x1 CMakeFiles/rocket_logger.dir/pico-sdk/src/rp2_common/hardware_timer/timer.c.obj
 *fill*         0x20001a8d        0x3 
 .bss.configured_freq
                0x20001a90       0x28 CMakeFiles/rocket_logger.dir/pico-sdk/src/rp2_common/hardware_clocks/clocks.c.obj
 .bss.desc_str.0
                0x20001ab8       0x28 CMakeFiles/rocket_logger.dir/pico-sdk/src/rp2_common/pico_stdio_usb/stdio_usb_descriptors.c.obj
 .bss.drivers   0x20001ae0        0x4 CMakeFiles/rocket_logger.dir/pico-sdk/src/rp2_common/pico_stdio/stdio.c.obj
 .bss.e15_last_sof
                0x20001ae4        0x4 CMakeFiles/rocket_logger.dir/pico-sdk/lib/tinyusb/src/portable/raspberrypi/rp2040/rp2040_usb.c.obj
                0x20001ae4                e15_last_sof
 .bss.filter    0x20001ae8        0x4 CMakeFiles/rocket_logger.dir/pico-sdk/src/rp2_common/pico_stdio/stdio.c.obj
 .bss.hw_endpoints
                0x20001aec      0x400 CMakeFiles/rocket_logger.dir/pico-sdk/lib/tinyusb/src/portable/raspberrypi/rp2040/dcd_rp2040.c.obj
 .bss.lazy_vsnprintf
                0x20001eec        0x4 CMakeFiles/rocket_logger.dir/pico-sdk/src/rp2_common/pico_printf/printf.c.obj
 .bss.load_value
                0x20001ef0        0x4 CMakeFiles/rocket_logger.dir/pico-sdk/src/rp2_common/hardware_watchdog/watchdog.c.obj
 .bss.next_buffer_ptr
                0x20001ef4        0x4 CMakeFiles/rocket_logger.dir/pico-sdk/lib/tinyusb/src/portable/raspberrypi/rp2040/dcd_rp2040.c.obj
 .bss.object.0  0x20001ef8       0x18 C:/Program Files (x86)/Arm/GNU Toolchain mingw-w64-i686-arm-none-eabi/bin/../lib/gcc/arm-none-eabi/15.2.1/thumb/v6-m/nofp/crtbegin.o
 .bss.one_shot_timer_crit_sec
                0x20001f10        0x8 CMakeFiles/rocket_logger.dir/pico-sdk/src/rp2_common/pico_stdio_usb/stdio_usb.c.obj
 .bss.pools     0x20001f18       0x10 CMakeFiles/rocket_logger.dir/pico-sdk/src/common/pico_time/time.c.obj
 .bss.retrieved_id
                0x20001f28        0x8 CMakeFiles/rocket_logger.dir/pico-sdk/src/rp2_common/pico_unique_id/unique_id.c.obj
 .bss.sf_clz_func
                0x20001f30        0x4 CMakeFiles/rocket_logger.dir/pico-sdk/src/rp2_common/pico_double/double_init_rom_rp2040.c.obj
                0x20001f30                sf_clz_func
 .bss.sleep_notifier
                0x20001f34        0x4 CMakeFiles/rocket_logger.dir/pico-sdk/src/common/pico_time/time.c.obj
 .bss.stdio_usb_mutex
                0x20001f38        0x8 CMakeFiles/rocket_logger.dir/pico-sdk/src/rp2_common/pico_stdio_usb/stdio_usb.c.obj
 .bss.usbd_serial_str
                0x20001f40       0x11 CMakeFiles/rocket_logger.dir/pico-sdk/src/rp2_common/pico_stdio_usb/stdio_usb_descriptors.c.obj
 .bss._app_driver_count
                0x20001f51        0x1 CMakeFiles/rocket_logger.dir/pico-sdk/lib/tinyusb/src/device/usbd.c.obj
 .bss._sof_enable
                0x20001f52        0x1 CMakeFiles/rocket_logger.dir/pico-sdk/lib/tinyusb/src/portable/raspberrypi/rp2040/dcd_rp2040.c.obj
 .bss._usbd_queued_setup
                0x20001f53        0x1 CMakeFiles/rocket_logger.dir/pico-sdk/lib/tinyusb/src/device/usbd.c.obj
 .bss.boot2_copyout_valid
                0x20001f54        0x1 CMakeFiles/rocket_logger.dir/pico-sdk/src/rp2_common/hardware_flash/flash.c.obj
 .bss.irq_handler_chain_free_slot_head
                0x20001f55        0x1 CMakeFiles/rocket_logger.dir/pico-sdk/src/rp2_common/hardware_irq/irq.c.obj
 .bss.itf_num   0x20001f56        0x1 CMakeFiles/rocket_logger.dir/pico-sdk/src/rp2_common/pico_stdio_usb/reset_interface.c.obj
 .bss.low_priority_irq_num
                0x20001f57        0x1 CMakeFiles/rocket_logger.dir/pico-sdk/src/rp2_common/pico_stdio_usb/stdio_usb.c.obj
 .bss.one_shot_timer_pending
                0x20001f58        0x1 CMakeFiles/rocket_logger.dir/pico-sdk/src/rp2_common/pico_stdio_usb/stdio_usb.c.obj
 .bss.user_irq_claimed
                0x20001f59        0x1 CMakeFiles/rocket_logger.dir/pico-sdk/src/rp2_common/hardware_irq/irq.c.obj
 *(COMMON)
                0x20001f5c                        . = ALIGN (0x4)
 *fill*         0x20001f5a        0x2 
                0x20001f5c                        __bss_end__ = .

.heap           0x20001f5c      0x800 load address 0x100059f0
                0x20001f5c                        __end__ = .
                0x20001f5c                        end = __end__
 *(.heap*)
 .heap          0x20001f5c      0x800 CMakeFiles/rocket_logger.dir/pico-sdk/src/rp2_common/pico_crt0/crt0.S.obj
                0x20040000                        __HeapLimit = (ORIGIN (RAM) + LENGTH (RAM))

.scratch_x      0x20040000        0x0 load address 0x100059f0
                0x20040000                        __scratch_x_start__ = .
 *(.scratch_x.*)
                0x20040000                        . = ALIGN (0x4)
                0x20040000                        __scratch_x_end__ = .
                0x100059f0                        __scratch_x_source__ = LOADADDR (.scratch_x)

.scratch_y      0x20041000        0x0 load address 0x100059f0
                0x20041000                        __scratch_y_start__ = .
 *(.scratch_y.*)
                0x20041000                        . = ALIGN (0x4)
                0x20041000                        __scratch_y_end__ = .
                0x100059f0                        __scratch_y_source__ = LOADADDR (.scratch_y)

.stack1_dummy
 *(.stack1*)

.stack_dummy    0x20041000      0x800
 *(.stack*)
 .stack         0x20041000      0x800 CMakeFiles/rocket_logger.dir/pico-sdk/src/rp2_common/pico_crt0/crt0.S.obj

.rel.dyn        0x20041800        0x0
 .rel.iplt      0x20041800        0x0 C:/Program Files (x86)/Arm/GNU Toolchain mingw-w64-i686-arm-none-eabi/bin/../lib/gcc/arm-none-eabi/15.2.1/thumb/v6-m/nofp/crtbegin.o

.flash_end      0x100059f0        0x0
 *(.embedded_end_block*)
                0x100059f0                        PROVIDE (__flash_binary_end = .)
                0x20040000                        __StackLimit = (ORIGIN (RAM) + LENGTH (RAM))
                0x20041000                        __StackOneTop = (ORIGIN (SCRATCH_X) + LENGTH (SCRATCH_X))
                0x20042000                        __StackTop = (ORIGIN (SCRATCH_Y) + LENGTH (SCRATCH_Y))
                0x20041000                        __StackOneBottom = (__StackOneTop - SIZEOF (.stack1_dummy))
                0x20041800                        __StackBottom = (__StackTop - SIZEOF (.stack_dummy))
                0x20042000                        PROVIDE (__stack = __StackTop)
                [!provide]                        PROVIDE (__heap_start = __end__)
                [!provide]                        PROVIDE (__heap_end = __HeapLimit)
                [!provide]                        PROVIDE (__tls_align = MAX (ALIGNOF (.tdata), ALIGNOF (.tbss)))
                [!provide]                        PROVIDE (__tls_size_align = (((__tls_size + __tls_align) - 0x1) & ~ ((__tls_align - 0x1))))
                [!provide]                        PROVIDE (__arm32_tls_tcb_offset = MAX (0x8, __tls_align))
                [!provide]                        PROVIDE (_end = __end__)
                [!provide]                        PROVIDE (__llvm_libc_heap_limit = __HeapLimit)
                0x00000001                        ASSERT ((__StackLimit >= __HeapLimit), region RAM overflowed)
                0x00000001                        ASSERT (((__binary_info_header_end - __logical_binary_start) <= 0x100), Binary info must be in first 256 bytes of the binary)
LOAD CMakeFiles/rocket_logger.dir/main.c.obj
LOAD CMakeFiles/rocket_logger.dir/imu_driver.c.obj
LOAD CMakeFiles/rocket_logger.dir/sd_logger.c.obj
LOAD CMakeFiles/rocket_logger.dir/pico-sdk/src/rp2_common/pico_stdlib/stdlib.c.obj
LOAD CMakeFiles/rocket_logger.dir/pico-sdk/src/rp2_common/hardware_gpio/gpio.c.obj
LOAD CMakeFiles/rocket_logger.dir/pico-sdk/src/rp2040/pico_platform/platform.c.obj
LOAD CMakeFiles/rocket_logger.dir/pico-sdk/src/rp2_common/pico_platform_common/common.c.obj
LOAD CMakeFiles/rocket_logger.dir/pico-sdk/src/rp2_common/pico_platform_panic/panic.c.obj
LOAD CMakeFiles/rocket_logger.dir/pico-sdk/src/common/hardware_claim/claim.c.obj
LOAD CMakeFiles/rocket_logger.dir/pico-sdk/src/rp2_common/hardware_sync/sync.c.obj
LOAD CMakeFiles/rocket_logger.dir/pico-sdk/src/rp2_common/hardware_sync_spin_lock/sync_spin_lock.c.obj
LOAD CMakeFiles/rocket_logger.dir/pico-sdk/src/rp2_common/hardware_irq/irq.c.obj
LOAD CMakeFiles/rocket_logger.dir/pico-sdk/src/rp2_common/hardware_irq/irq_handler_chain.S.obj
LOAD CMakeFiles/rocket_logger.dir/pico-sdk/src/common/pico_sync/sem.c.obj
LOAD CMakeFiles/rocket_logger.dir/pico-sdk/src/common/pico_sync/lock_core.c.obj
LOAD CMakeFiles/rocket_logger.dir/pico-sdk/src/common/pico_sync/mutex.c.obj
LOAD CMakeFiles/rocket_logger.dir/pico-sdk/src/common/pico_sync/critical_section.c.obj
LOAD CMakeFiles/rocket_logger.dir/pico-sdk/src/common/pico_time/time.c.obj
LOAD CMakeFiles/rocket_logger.dir/pico-sdk/src/common/pico_time/timeout_helper.c.obj
LOAD CMakeFiles/rocket_logger.dir/pico-sdk/src/rp2_common/hardware_timer/timer.c.obj
LOAD CMakeFiles/rocket_logger.dir/pico-sdk/src/common/pico_util/datetime.c.obj
LOAD CMakeFiles/rocket_logger.dir/pico-sdk/src/common/pico_util/pheap.c.obj
LOAD CMakeFiles/rocket_logger.dir/pico-sdk/src/common/pico_util/queue.c.obj
LOAD CMakeFiles/rocket_logger.dir/pico-sdk/src/rp2_common/hardware_uart/uart.c.obj
LOAD CMakeFiles/rocket_logger.dir/pico-sdk/src/rp2_common/hardware_clocks/clocks.c.obj
LOAD CMakeFiles/rocket_logger.dir/pico-sdk/src/rp2_common/hardware_pll/pll.c.obj
LOAD CMakeFiles/rocket_logger.dir/pico-sdk/src/rp2_common/hardware_vreg/vreg.c.obj
LOAD CMakeFiles/rocket_logger.dir/pico-sdk/src/rp2_common/hardware_watchdog/watchdog.c.obj
LOAD CMakeFiles/rocket_logger.dir/pico-sdk/src/rp2_common/hardware_ticks/ticks.c.obj
LOAD CMakeFiles/rocket_logger.dir/pico-sdk/src/rp2_common/pico_bootrom/bootrom.c.obj
LOAD CMakeFiles/rocket_logger.dir/pico-sdk/src/rp2_common/pico_bootrom/bootrom_lock.c.obj
LOAD CMakeFiles/rocket_logger.dir/pico-sdk/src/rp2_common/hardware_boot_lock/boot_lock.c.obj
LOAD CMakeFiles/rocket_logger.dir/pico-sdk/src/rp2_common/pico_flash/flash.c.obj
LOAD CMakeFiles/rocket_logger.dir/pico-sdk/src/rp2_common/hardware_xosc/xosc.c.obj
LOAD CMakeFiles/rocket_logger.dir/pico-sdk/src/rp2_common/hardware_divider/divider.S.obj
LOAD CMakeFiles/rocket_logger.dir/pico-sdk/src/rp2_common/pico_runtime/runtime.c.obj
LOAD CMakeFiles/rocket_logger.dir/pico-sdk/src/rp2_common/pico_runtime_init/runtime_init.c.obj
LOAD CMakeFiles/rocket_logger.dir/pico-sdk/src/rp2_common/pico_runtime_init/runtime_init_clocks.c.obj
LOAD CMakeFiles/rocket_logger.dir/pico-sdk/src/rp2_common/pico_runtime_init/runtime_init_stack_guard.c.obj
LOAD CMakeFiles/rocket_logger.dir/pico-sdk/src/rp2_common/pico_bit_ops/bit_ops_aeabi.S.obj
LOAD CMakeFiles/rocket_logger.dir/pico-sdk/src/rp2_common/pico_divider/divider_hardware.S.obj
LOAD CMakeFiles/rocket_logger.dir/pico-sdk/src/rp2_common/pico_double/double_aeabi_rp2040.S.obj
LOAD CMakeFiles/rocket_logger.dir/pico-sdk/src/rp2_common/pico_double/double_init_rom_rp2040.c.obj
LOAD CMakeFiles/rocket_logger.dir/pico-sdk/src/rp2_common/pico_double/double_math.c.obj
LOAD CMakeFiles/rocket_logger.dir/pico-sdk/src/rp2_common/pico_double/double_v1_rom_shim_rp2040.S.obj
LOAD CMakeFiles/rocket_logger.dir/pico-sdk/src/rp2_common/pico_int64_ops/pico_int64_ops_aeabi.S.obj
LOAD CMakeFiles/rocket_logger.dir/pico-sdk/src/rp2_common/pico_float/float_aeabi_rp2040.S.obj
LOAD CMakeFiles/rocket_logger.dir/pico-sdk/src/rp2_common/pico_float/float_init_rom_rp2040.c.obj
LOAD CMakeFiles/rocket_logger.dir/pico-sdk/src/rp2_common/pico_float/float_math.c.obj
LOAD CMakeFiles/rocket_logger.dir/pico-sdk/src/rp2_common/pico_float/float_v1_rom_shim_rp2040.S.obj
LOAD CMakeFiles/rocket_logger.dir/pico-sdk/src/rp2_common/pico_malloc/malloc.c.obj
LOAD CMakeFiles/rocket_logger.dir/pico-sdk/src/rp2_common/pico_mem_ops/mem_ops_aeabi.S.obj
LOAD CMakeFiles/rocket_logger.dir/pico-sdk/src/rp2_common/pico_atomic/atomic.c.obj
LOAD CMakeFiles/rocket_logger.dir/pico-sdk/src/rp2_common/pico_cxx_options/new_delete.cpp.obj
LOAD CMakeFiles/rocket_logger.dir/pico-sdk/src/rp2_common/pico_standard_binary_info/standard_binary_info.c.obj
LOAD CMakeFiles/rocket_logger.dir/pico-sdk/src/rp2_common/pico_printf/printf.c.obj
LOAD CMakeFiles/rocket_logger.dir/pico-sdk/src/rp2_common/pico_crt0/crt0.S.obj
LOAD CMakeFiles/rocket_logger.dir/pico-sdk/src/rp2_common/pico_clib_interface/newlib_interface.c.obj
LOAD CMakeFiles/rocket_logger.dir/pico-sdk/src/rp2_common/pico_stdio/stdio.c.obj
LOAD CMakeFiles/rocket_logger.dir/pico-sdk/src/rp2_common/pico_stdio_usb/reset_interface.c.obj
LOAD CMakeFiles/rocket_logger.dir/pico-sdk/src/rp2_common/pico_stdio_usb/stdio_usb.c.obj
LOAD CMakeFiles/rocket_logger.dir/pico-sdk/src/rp2_common/pico_stdio_usb/stdio_usb_descriptors.c.obj
LOAD CMakeFiles/rocket_logger.dir/pico-sdk/src/rp2_common/pico_unique_id/unique_id.c.obj
LOAD CMakeFiles/rocket_logger.dir/pico-sdk/src/rp2_common/hardware_flash/flash.c.obj
LOAD CMakeFiles/rocket_logger.dir/pico-sdk/src/rp2_common/hardware_xip_cache/xip_cache.c.obj
LOAD CMakeFiles/rocket_logger.dir/pico-sdk/lib/tinyusb/src/portable/raspberrypi/rp2040/dcd_rp2040.c.obj
LOAD CMakeFiles/rocket_logger.dir/pico-sdk/lib/tinyusb/src/portable/raspberrypi/rp2040/rp2040_usb.c.obj
LOAD CMakeFiles/rocket_logger.dir/pico-sdk/lib/tinyusb/src/device/usbd.c.obj
LOAD CMakeFiles/rocket_logger.dir/pico-sdk/lib/tinyusb/src/device/usbd_control.c.obj
LOAD CMakeFiles/rocket_logger.dir/pico-sdk/lib/tinyusb/src/class/audio/audio_device.c.obj
LOAD CMakeFiles/rocket_logger.dir/pico-sdk/lib/tinyusb/src/class/cdc/cdc_device.c.obj
LOAD CMakeFiles/rocket_logger.dir/pico-sdk/lib/tinyusb/src/class/dfu/dfu_device.c.obj
LOAD CMakeFiles/rocket_logger.dir/pico-sdk/lib/tinyusb/src/class/dfu/dfu_rt_device.c.obj
LOAD CMakeFiles/rocket_logger.dir/pico-sdk/lib/tinyusb/src/class/hid/hid_device.c.obj
LOAD CMakeFiles/rocket_logger.dir/pico-sdk/lib/tinyusb/src/class/midi/midi_device.c.obj
LOAD CMakeFiles/rocket_logger.dir/pico-sdk/lib/tinyusb/src/class/msc/msc_device.c.obj
LOAD CMakeFiles/rocket_logger.dir/pico-sdk/lib/tinyusb/src/class/net/ecm_rndis_device.c.obj
LOAD CMakeFiles/rocket_logger.dir/pico-sdk/lib/tinyusb/src/class/net/ncm_device.c.obj
LOAD CMakeFiles/rocket_logger.dir/pico-sdk/lib/tinyusb/src/class/usbtmc/usbtmc_device.c.obj
LOAD CMakeFiles/rocket_logger.dir/pico-sdk/lib/tinyusb/src/class/vendor/vendor_device.c.obj
LOAD CMakeFiles/rocket_logger.dir/pico-sdk/lib/tinyusb/src/class/video/video_device.c.obj
LOAD CMakeFiles/rocket_logger.dir/pico-sdk/lib/tinyusb/src/tusb.c.obj
LOAD CMakeFiles/rocket_logger.dir/pico-sdk/lib/tinyusb/src/common/tusb_fifo.c.obj
LOAD CMakeFiles/rocket_logger.dir/pico-sdk/src/rp2_common/pico_fix/rp2040_usb_device_enumeration/rp2040_usb_device_enumeration.c.obj
LOAD CMakeFiles/rocket_logger.dir/pico-sdk/src/rp2_common/hardware_i2c/i2c.c.obj
LOAD CMakeFiles/rocket_logger.dir/pico-sdk/src/rp2_common/hardware_spi/spi.c.obj
LOAD pico-sdk/src/rp2040/boot_stage2/CMakeFiles/bs2_default_library.dir/./bs2_default_padded_checksummed.S.obj
LOAD C:/Program Files (x86)/Arm/GNU Toolchain mingw-w64-i686-arm-none-eabi/bin/../lib/gcc/arm-none-eabi/15.2.1/../../../../arm-none-eabi/lib/thumb/v6-m/nofp\libstdc++.a
LOAD C:/Program Files (x86)/Arm/GNU Toolchain mingw-w64-i686-arm-none-eabi/bin/../lib/gcc/arm-none-eabi/15.2.1/../../../../arm-none-eabi/lib/thumb/v6-m/nofp\libm.a
START GROUP
LOAD C:/Program Files (x86)/Arm/GNU Toolchain mingw-w64-i686-arm-none-eabi/bin/../lib/gcc/arm-none-eabi/15.2.1/thumb/v6-m/nofp\libgcc.a
LOAD C:/Program Files (x86)/Arm/GNU Toolchain mingw-w64-i686-arm-none-eabi/bin/../lib/gcc/arm-none-eabi/15.2.1/../../../../arm-none-eabi/lib/thumb/v6-m/nofp\libg.a
LOAD C:/Program Files (x86)/Arm/GNU Toolchain mingw-w64-i686-arm-none-eabi/bin/../lib/gcc/arm-none-eabi/15.2.1/../../../../arm-none-eabi/lib/thumb/v6-m/nofp\libc.a
END GROUP
START GROUP
LOAD C:/Program Files (x86)/Arm/GNU Toolchain mingw-w64-i686-arm-none-eabi/bin/../lib/gcc/arm-none-eabi/15.2.1/thumb/v6-m/nofp\libgcc.a
LOAD C:/Program Files (x86)/Arm/GNU Toolchain mingw-w64-i686-arm-none-eabi/bin/../lib/gcc/arm-none-eabi/15.2.1/../../../../arm-none-eabi/lib/thumb/v6-m/nofp\libc.a
LOAD C:/Program Files (x86)/Arm/GNU Toolchain mingw-w64-i686-arm-none-eabi/bin/../lib/gcc/arm-none-eabi/15.2.1/../../../../arm-none-eabi/lib/thumb/v6-m/nofp\libnosys.a
END GROUP
LOAD C:/Program Files (x86)/Arm/GNU Toolchain mingw-w64-i686-arm-none-eabi/bin/../lib/gcc/arm-none-eabi/15.2.1/thumb/v6-m/nofp/crtend.o
LOAD C:/Program Files (x86)/Arm/GNU Toolchain mingw-w64-i686-arm-none-eabi/bin/../lib/gcc/arm-none-eabi/15.2.1/thumb/v6-m/nofp/crtn.o
OUTPUT(rocket_logger.elf elf32-littlearm)
LOAD linker stubs

.ARM.attributes
                0x00000000       0x28
 .ARM.attributes
                0x00000000       0x1e C:/Program Files (x86)/Arm/GNU Toolchain mingw-w64-i686-arm-none-eabi/bin/../lib/gcc/arm-none-eabi/15.2.1/thumb/v6-m/nofp/crti.o
 .ARM.attributes
                0x0000001e       0x2c C:/Program Files (x86)/Arm/GNU Toolchain mingw-w64-i686-arm-none-eabi/bin/../lib/gcc/arm-none-eabi/15.2.1/thumb/v6-m/nofp/crtbegin.o
 .ARM.attributes
                0x0000004a       0x2c CMakeFiles/rocket_logger.dir/main.c.obj
 .ARM.attributes
                0x00000076       0x2c CMakeFiles/rocket_logger.dir/pico-sdk/src/rp2_common/hardware_gpio/gpio.c.obj
 .ARM.attributes
                0x000000a2       0x2c CMakeFiles/rocket_logger.dir/pico-sdk/src/rp2040/pico_platform/platform.c.obj
 .ARM.attributes
                0x000000ce       0x2c CMakeFiles/rocket_logger.dir/pico-sdk/src/rp2_common/pico_platform_panic/panic.c.obj
 .ARM.attributes
                0x000000fa       0x2c CMakeFiles/rocket_logger.dir/pico-sdk/src/common/hardware_claim/claim.c.obj
 .ARM.attributes
                0x00000126       0x2c CMakeFiles/rocket_logger.dir/pico-sdk/src/rp2_common/hardware_sync/sync.c.obj
 .ARM.attributes
                0x00000152       0x2c CMakeFiles/rocket_logger.dir/pico-sdk/src/rp2_common/hardware_sync_spin_lock/sync_spin_lock.c.obj
 .ARM.attributes
                0x0000017e       0x2c CMakeFiles/rocket_logger.dir/pico-sdk/src/rp2_common/hardware_irq/irq.c.obj
 .ARM.attributes
                0x000001aa       0x22 CMakeFiles/rocket_logger.dir/pico-sdk/src/rp2_common/hardware_irq/irq_handler_chain.S.obj
 .ARM.attributes
                0x000001cc       0x2c CMakeFiles/rocket_logger.dir/pico-sdk/src/common/pico_sync/lock_core.c.obj
 .ARM.attributes
                0x000001f8       0x2c CMakeFiles/rocket_logger.dir/pico-sdk/src/common/pico_sync/mutex.c.obj
 .ARM.attributes
                0x00000224       0x2c CMakeFiles/rocket_logger.dir/pico-sdk/src/common/pico_sync/critical_section.c.obj
 .ARM.attributes
                0x00000250       0x2c CMakeFiles/rocket_logger.dir/pico-sdk/src/common/pico_time/time.c.obj
 .ARM.attributes
                0x0000027c       0x2c CMakeFiles/rocket_logger.dir/pico-sdk/src/rp2_common/hardware_timer/timer.c.obj
 .ARM.attributes
                0x000002a8       0x2c CMakeFiles/rocket_logger.dir/pico-sdk/src/rp2_common/hardware_clocks/clocks.c.obj
 .ARM.attributes
                0x000002d4       0x2c CMakeFiles/rocket_logger.dir/pico-sdk/src/rp2_common/hardware_pll/pll.c.obj
 .ARM.attributes
                0x00000300       0x2c CMakeFiles/rocket_logger.dir/pico-sdk/src/rp2_common/hardware_watchdog/watchdog.c.obj
 .ARM.attributes
                0x0000032c       0x2c CMakeFiles/rocket_logger.dir/pico-sdk/src/rp2_common/hardware_ticks/ticks.c.obj
 .ARM.attributes
                0x00000358       0x2c CMakeFiles/rocket_logger.dir/pico-sdk/src/rp2_common/pico_bootrom/bootrom.c.obj
 .ARM.attributes
                0x00000384       0x2c CMakeFiles/rocket_logger.dir/pico-sdk/src/rp2_common/hardware_xosc/xosc.c.obj
 .ARM.attributes
                0x000003b0       0x2c CMakeFiles/rocket_logger.dir/pico-sdk/src/rp2_common/pico_runtime/runtime.c.obj
 .ARM.attributes
                0x000003dc       0x2c CMakeFiles/rocket_logger.dir/pico-sdk/src/rp2_common/pico_runtime_init/runtime_init.c.obj
 .ARM.attributes
                0x00000408       0x2c CMakeFiles/rocket_logger.dir/pico-sdk/src/rp2_common/pico_runtime_init/runtime_init_clocks.c.obj
 .ARM.attributes
                0x00000434       0x22 CMakeFiles/rocket_logger.dir/pico-sdk/src/rp2_common/pico_bit_ops/bit_ops_aeabi.S.obj
 .ARM.attributes
                0x00000456       0x22 CMakeFiles/rocket_logger.dir/pico-sdk/src/rp2_common/pico_divider/divider_hardware.S.obj
 .ARM.attributes
                0x00000478       0x22 CMakeFiles/rocket_logger.dir/pico-sdk/src/rp2_common/pico_double/double_aeabi_rp2040.S.obj
 .ARM.attributes
                0x0000049a       0x2c CMakeFiles/rocket_logger.dir/pico-sdk/src/rp2_common/pico_double/double_init_rom_rp2040.c.obj
 .ARM.attributes
                0x000004c6       0x22 CMakeFiles/rocket_logger.dir/pico-sdk/src/rp2_common/pico_double/double_v1_rom_shim_rp2040.S.obj
 .ARM.attributes
                0x000004e8       0x22 CMakeFiles/rocket_logger.dir/pico-sdk/src/rp2_common/pico_int64_ops/pico_int64_ops_aeabi.S.obj
 .ARM.attributes
                0x0000050a       0x22 CMakeFiles/rocket_logger.dir/pico-sdk/src/rp2_common/pico_float/float_aeabi_rp2040.S.obj
 .ARM.attributes
                0x0000052c       0x2c CMakeFiles/rocket_logger.dir/pico-sdk/src/rp2_common/pico_float/float_init_rom_rp2040.c.obj
 .ARM.attributes
                0x00000558       0x22 CMakeFiles/rocket_logger.dir/pico-sdk/src/rp2_common/pico_float/float_v1_rom_shim_rp2040.S.obj
 .ARM.attributes
                0x0000057a       0x22 CMakeFiles/rocket_logger.dir/pico-sdk/src/rp2_common/pico_mem_ops/mem_ops_aeabi.S.obj
 .ARM.attributes
                0x0000059c       0x2c CMakeFiles/rocket_logger.dir/pico-sdk/src/rp2_common/pico_standard_binary_info/standard_binary_info.c.obj
 .ARM.attributes
                0x000005c8       0x2c CMakeFiles/rocket_logger.dir/pico-sdk/src/rp2_common/pico_printf/printf.c.obj
 .ARM.attributes
                0x000005f4       0x22 CMakeFiles/rocket_logger.dir/pico-sdk/src/rp2_common/pico_crt0/crt0.S.obj
 .ARM.attributes
                0x00000616       0x2c CMakeFiles/rocket_logger.dir/pico-sdk/src/rp2_common/pico_clib_interface/newlib_interface.c.obj
 .ARM.attributes
                0x00000642       0x2c CMakeFiles/rocket_logger.dir/pico-sdk/src/rp2_common/pico_stdio/stdio.c.obj
 .ARM.attributes
                0x0000066e       0x2c CMakeFiles/rocket_logger.dir/pico-sdk/src/rp2_common/pico_stdio_usb/reset_interface.c.obj
 .ARM.attributes
                0x0000069a       0x2c CMakeFiles/rocket_logger.dir/pico-sdk/src/rp2_common/pico_stdio_usb/stdio_usb.c.obj
 .ARM.attributes
                0x000006c6       0x2c CMakeFiles/rocket_logger.dir/pico-sdk/src/rp2_common/pico_stdio_usb/stdio_usb_descriptors.c.obj
 .ARM.attributes
                0x000006f2       0x2c CMakeFiles/rocket_logger.dir/pico-sdk/src/rp2_common/pico_unique_id/unique_id.c.obj
 .ARM.attributes
                0x0000071e       0x2c CMakeFiles/rocket_logger.dir/pico-sdk/src/rp2_common/hardware_flash/flash.c.obj
 .ARM.attributes
                0x0000074a       0x2c CMakeFiles/rocket_logger.dir/pico-sdk/lib/tinyusb/src/portable/raspberrypi/rp2040/dcd_rp2040.c.obj
 .ARM.attributes
                0x00000776       0x2c CMakeFiles/rocket_logger.dir/pico-sdk/lib/tinyusb/src/portable/raspberrypi/rp2040/rp2040_usb.c.obj
 .ARM.attributes
                0x000007a2       0x2c CMakeFiles/rocket_logger.dir/pico-sdk/lib/tinyusb/src/device/usbd.c.obj
 .ARM.attributes
                0x000007ce       0x2c CMakeFiles/rocket_logger.dir/pico-sdk/lib/tinyusb/src/device/usbd_control.c.obj
 .ARM.attributes
                0x000007fa       0x2c CMakeFiles/rocket_logger.dir/pico-sdk/lib/tinyusb/src/class/cdc/cdc_device.c.obj
 .ARM.attributes
                0x00000826       0x2c CMakeFiles/rocket_logger.dir/pico-sdk/lib/tinyusb/src/class/vendor/vendor_device.c.obj
 .ARM.attributes
                0x00000852       0x2c CMakeFiles/rocket_logger.dir/pico-sdk/lib/tinyusb/src/tusb.c.obj
 .ARM.attributes
                0x0000087e       0x2c CMakeFiles/rocket_logger.dir/pico-sdk/lib/tinyusb/src/common/tusb_fifo.c.obj
 .ARM.attributes
                0x000008aa       0x22 pico-sdk/src/rp2040/boot_stage2/CMakeFiles/bs2_default_library.dir/./bs2_default_padded_checksummed.S.obj
 .ARM.attributes
                0x000008cc       0x1e C:/Program Files (x86)/Arm/GNU Toolchain mingw-w64-i686-arm-none-eabi/bin/../lib/gcc/arm-none-eabi/15.2.1/thumb/v6-m/nofp\libgcc.a(_dvmd_tls.o)
 .ARM.attributes
                0x000008ea       0x2c C:/Program Files (x86)/Arm/GNU Toolchain mingw-w64-i686-arm-none-eabi/bin/../lib/gcc/arm-none-eabi/15.2.1/../../../../arm-none-eabi/lib/thumb/v6-m/nofp\libg.a(libc_a-strlen-stub.o)
 .ARM.attributes
                0x00000916       0x2c C:/Program Files (x86)/Arm/GNU Toolchain mingw-w64-i686-arm-none-eabi/bin/../lib/gcc/arm-none-eabi/15.2.1/thumb/v6-m/nofp/crtend.o

.comment        0x00000000       0x45
 .comment       0x00000000       0x45 CMakeFiles/rocket_logger.dir/main.c.obj
                                 0x46 (size before relaxing)
 .comment       0x00000045        0x0 CMakeFiles/rocket_logger.dir/pico-sdk/src/rp2_common/hardware_gpio/gpio.c.obj
                                 0x46 (size before relaxing)
 .comment       0x00000045        0x0 CMakeFiles/rocket_logger.dir/pico-sdk/src/rp2040/pico_platform/platform.c.obj
                                 0x46 (size before relaxing)
 .comment       0x00000045        0x0 CMakeFiles/rocket_logger.dir/pico-sdk/src/rp2_common/pico_platform_panic/panic.c.obj
                                 0x46 (size before relaxing)
 .comment       0x00000045        0x0 CMakeFiles/rocket_logger.dir/pico-sdk/src/common/hardware_claim/claim.c.obj
                                 0x46 (size before relaxing)
 .comment       0x00000045        0x0 CMakeFiles/rocket_logger.dir/pico-sdk/src/rp2_common/hardware_sync/sync.c.obj
                                 0x46 (size before relaxing)
 .comment       0x00000045        0x0 CMakeFiles/rocket_logger.dir/pico-sdk/src/rp2_common/hardware_sync_spin_lock/sync_spin_lock.c.obj
                                 0x46 (size before relaxing)
 .comment       0x00000045        0x0 CMakeFiles/rocket_logger.dir/pico-sdk/src/rp2_common/hardware_irq/irq.c.obj
                                 0x46 (size before relaxing)
 .comment       0x00000045        0x0 CMakeFiles/rocket_logger.dir/pico-sdk/src/common/pico_sync/lock_core.c.obj
                                 0x46 (size before relaxing)
 .comment       0x00000045        0x0 CMakeFiles/rocket_logger.dir/pico-sdk/src/common/pico_sync/mutex.c.obj
                                 0x46 (size before relaxing)
 .comment       0x00000045        0x0 CMakeFiles/rocket_logger.dir/pico-sdk/src/common/pico_sync/critical_section.c.obj
                                 0x46 (size before relaxing)
 .comment       0x00000045        0x0 CMakeFiles/rocket_logger.dir/pico-sdk/src/common/pico_time/time.c.obj
                                 0x46 (size before relaxing)
 .comment       0x00000045        0x0 CMakeFiles/rocket_logger.dir/pico-sdk/src/rp2_common/hardware_timer/timer.c.obj
                                 0x46 (size before relaxing)
 .comment       0x00000045        0x0 CMakeFiles/rocket_logger.dir/pico-sdk/src/rp2_common/hardware_clocks/clocks.c.obj
                                 0x46 (size before relaxing)
 .comment       0x00000045        0x0 CMakeFiles/rocket_logger.dir/pico-sdk/src/rp2_common/hardware_pll/pll.c.obj
                                 0x46 (size before relaxing)
 .comment       0x00000045        0x0 CMakeFiles/rocket_logger.dir/pico-sdk/src/rp2_common/hardware_watchdog/watchdog.c.obj